17:13:11 **** Incremental Build of configuration Debug for project seringue ****
make -j3 all 
arm-none-eabi-gcc "../Core/Src/main.c" -mcpu=cortex-m4 -std=gnu11 -g3 -DDEBUG -DUSE_HAL_DRIVER -DSTM32L476xx -c -I../Core/Inc -I../Drivers/STM32L4xx_HAL_Driver/Inc -I../Drivers/STM32L4xx_HAL_Driver/Inc/Legacy -I../Drivers/CMSIS/Device/ST/STM32L4xx/Include -I../Drivers/CMSIS/Include -O0 -ffunction-sections -fdata-sections -Wall -fstack-usage -fcyclomatic-complexity -MMD -MP -MF"Core/Src/main.d" -MT"Core/Src/main.o" --specs=nano.specs -mfpu=fpv4-sp-d16 -mfloat-abi=hard -mthumb -o "Core/Src/main.o"
arm-none-eabi-gcc -o "seringue.elf" @"objects.list"   -mcpu=cortex-m4 -T"/Users/maenacharbonnier/Documents/GitHub/2324_projet2A_drone_SousMarin/STM32_xl320/seringue/STM32L476RGTX_FLASH.ld" --specs=nosys.specs -Wl,-Map="seringue.map" -Wl,--gc-sections -static --specs=nano.specs -mfpu=fpv4-sp-d16 -mfloat-abi=hard -mthumb -Wl,--start-group -lc -lm -Wl,--end-group
Finished building target: seringue.elf
 
arm-none-eabi-size   seringue.elf 
arm-none-eabi-objdump -h -S  seringue.elf  > "seringue.list"
   text	   data	    bss	    dec	    hex	filename
  12300	     20	   1700	  14020	   36c4	seringue.elf
Finished building: default.size.stdout
 
Finished building: seringue.list
 
17:13:33 **** Incremental Build of configuration Debug for project seringue ****
make -j3 all 
arm-none-eabi-size   seringue.elf 
   text	   data	    bss	    dec	    hex	filename
  12300	     20	   1700	  14020	   36c4	seringue.elf
Finished building: default.size.stdout
 
17:14:36 **** Incremental Build of configuration Debug for project seringue ****
make -j3 all 
arm-none-eabi-size   seringue.elf 
   text	   data	    bss	    dec	    hex	filename
  12300	     20	   1700	  14020	   36c4	seringue.elf
Finished building: default.size.stdout
 
