Archive member included to satisfy reference by file (symbol)

/Applications/STM32CubeIDE.app/Contents/Eclipse/plugins/com.st.stm32cube.ide.mcu.externaltools.gnu-tools-for-stm32.10.3-2021.10.macos64_1.0.200.202301161003/tools/bin/../lib/gcc/arm-none-eabi/10.3.1/../../../../arm-none-eabi/lib/thumb/v7e-m+dp/hard/libc_nano.a(lib_a-errno.o)
                              ./Core/Src/syscalls.o (__errno)
/Applications/STM32CubeIDE.app/Contents/Eclipse/plugins/com.st.stm32cube.ide.mcu.externaltools.gnu-tools-for-stm32.10.3-2021.10.macos64_1.0.200.202301161003/tools/bin/../lib/gcc/arm-none-eabi/10.3.1/../../../../arm-none-eabi/lib/thumb/v7e-m+dp/hard/libc_nano.a(lib_a-exit.o)
                              /Applications/STM32CubeIDE.app/Contents/Eclipse/plugins/com.st.stm32cube.ide.mcu.externaltools.gnu-tools-for-stm32.10.3-2021.10.macos64_1.0.200.202301161003/tools/bin/../lib/gcc/arm-none-eabi/10.3.1/../../../../arm-none-eabi/lib/thumb/v7e-m+dp/hard/crt0.o (exit)
/Applications/STM32CubeIDE.app/Contents/Eclipse/plugins/com.st.stm32cube.ide.mcu.externaltools.gnu-tools-for-stm32.10.3-2021.10.macos64_1.0.200.202301161003/tools/bin/../lib/gcc/arm-none-eabi/10.3.1/../../../../arm-none-eabi/lib/thumb/v7e-m+dp/hard/libc_nano.a(lib_a-impure.o)
                              /Applications/STM32CubeIDE.app/Contents/Eclipse/plugins/com.st.stm32cube.ide.mcu.externaltools.gnu-tools-for-stm32.10.3-2021.10.macos64_1.0.200.202301161003/tools/bin/../lib/gcc/arm-none-eabi/10.3.1/../../../../arm-none-eabi/lib/thumb/v7e-m+dp/hard/libc_nano.a(lib_a-exit.o) (_global_impure_ptr)
/Applications/STM32CubeIDE.app/Contents/Eclipse/plugins/com.st.stm32cube.ide.mcu.externaltools.gnu-tools-for-stm32.10.3-2021.10.macos64_1.0.200.202301161003/tools/bin/../lib/gcc/arm-none-eabi/10.3.1/../../../../arm-none-eabi/lib/thumb/v7e-m+dp/hard/libc_nano.a(lib_a-init.o)
                              /Applications/STM32CubeIDE.app/Contents/Eclipse/plugins/com.st.stm32cube.ide.mcu.externaltools.gnu-tools-for-stm32.10.3-2021.10.macos64_1.0.200.202301161003/tools/bin/../lib/gcc/arm-none-eabi/10.3.1/../../../../arm-none-eabi/lib/thumb/v7e-m+dp/hard/crt0.o (__libc_init_array)
/Applications/STM32CubeIDE.app/Contents/Eclipse/plugins/com.st.stm32cube.ide.mcu.externaltools.gnu-tools-for-stm32.10.3-2021.10.macos64_1.0.200.202301161003/tools/bin/../lib/gcc/arm-none-eabi/10.3.1/../../../../arm-none-eabi/lib/thumb/v7e-m+dp/hard/libc_nano.a(lib_a-memset.o)
                              /Applications/STM32CubeIDE.app/Contents/Eclipse/plugins/com.st.stm32cube.ide.mcu.externaltools.gnu-tools-for-stm32.10.3-2021.10.macos64_1.0.200.202301161003/tools/bin/../lib/gcc/arm-none-eabi/10.3.1/../../../../arm-none-eabi/lib/thumb/v7e-m+dp/hard/crt0.o (memset)
/Applications/STM32CubeIDE.app/Contents/Eclipse/plugins/com.st.stm32cube.ide.mcu.externaltools.gnu-tools-for-stm32.10.3-2021.10.macos64_1.0.200.202301161003/tools/bin/../lib/gcc/arm-none-eabi/10.3.1/../../../../arm-none-eabi/lib/thumb/v7e-m+dp/hard/libc_nano.a(lib_a-snprintf.o)
                              ./Core/Src/RPICom.o (snprintf)
/Applications/STM32CubeIDE.app/Contents/Eclipse/plugins/com.st.stm32cube.ide.mcu.externaltools.gnu-tools-for-stm32.10.3-2021.10.macos64_1.0.200.202301161003/tools/bin/../lib/gcc/arm-none-eabi/10.3.1/../../../../arm-none-eabi/lib/thumb/v7e-m+dp/hard/libc_nano.a(lib_a-nano-svfprintf.o)
                              /Applications/STM32CubeIDE.app/Contents/Eclipse/plugins/com.st.stm32cube.ide.mcu.externaltools.gnu-tools-for-stm32.10.3-2021.10.macos64_1.0.200.202301161003/tools/bin/../lib/gcc/arm-none-eabi/10.3.1/../../../../arm-none-eabi/lib/thumb/v7e-m+dp/hard/libc_nano.a(lib_a-snprintf.o) (_svfprintf_r)
/Applications/STM32CubeIDE.app/Contents/Eclipse/plugins/com.st.stm32cube.ide.mcu.externaltools.gnu-tools-for-stm32.10.3-2021.10.macos64_1.0.200.202301161003/tools/bin/../lib/gcc/arm-none-eabi/10.3.1/../../../../arm-none-eabi/lib/thumb/v7e-m+dp/hard/libc_nano.a(lib_a-nano-vfprintf_i.o)
                              /Applications/STM32CubeIDE.app/Contents/Eclipse/plugins/com.st.stm32cube.ide.mcu.externaltools.gnu-tools-for-stm32.10.3-2021.10.macos64_1.0.200.202301161003/tools/bin/../lib/gcc/arm-none-eabi/10.3.1/../../../../arm-none-eabi/lib/thumb/v7e-m+dp/hard/libc_nano.a(lib_a-nano-svfprintf.o) (_printf_i)
/Applications/STM32CubeIDE.app/Contents/Eclipse/plugins/com.st.stm32cube.ide.mcu.externaltools.gnu-tools-for-stm32.10.3-2021.10.macos64_1.0.200.202301161003/tools/bin/../lib/gcc/arm-none-eabi/10.3.1/../../../../arm-none-eabi/lib/thumb/v7e-m+dp/hard/libc_nano.a(lib_a-memchr.o)
                              /Applications/STM32CubeIDE.app/Contents/Eclipse/plugins/com.st.stm32cube.ide.mcu.externaltools.gnu-tools-for-stm32.10.3-2021.10.macos64_1.0.200.202301161003/tools/bin/../lib/gcc/arm-none-eabi/10.3.1/../../../../arm-none-eabi/lib/thumb/v7e-m+dp/hard/libc_nano.a(lib_a-nano-svfprintf.o) (memchr)
[...]
Memory Configuration

Name             Origin             Length             Attributes
ITCMRAM          0x0000000000000000 0x0000000000010000 xrw
FLASH            0x0000000008000000 0x0000000000200000 xr
DTCMRAM1         0x0000000020000000 0x0000000000010000 xrw
DTCMRAM2         0x0000000020010000 0x0000000000010000 xrw
RAM              0x0000000024000000 0x0000000000100000 xrw
RAM_CD           0x0000000030000000 0x0000000000020000 xrw
RAM_SRD          0x0000000038000000 0x0000000000008000 xrw
*default*        0x0000000000000000 0xffffffffffffffff

Linker script and memory map

LOAD /Applications/STM32CubeIDE.app/Contents/Eclipse/plugins/com.st.stm32cube.ide.mcu.externaltools.gnu-tools-for-stm32.10.3-2021.10.macos64_1.0.200.202301161003/tools/bin/../lib/gcc/arm-none-eabi/10.3.1/thumb/v7e-m+dp/hard/crti.o
LOAD /Applications/STM32CubeIDE.app/Contents/Eclipse/plugins/com.st.stm32cube.ide.mcu.externaltools.gnu-tools-for-stm32.10.3-2021.10.macos64_1.0.200.202301161003/tools/bin/../lib/gcc/arm-none-eabi/10.3.1/thumb/v7e-m+dp/hard/crtbegin.o
LOAD /Applications/STM32CubeIDE.app/Contents/Eclipse/plugins/com.st.stm32cube.ide.mcu.externaltools.gnu-tools-for-stm32.10.3-2021.10.macos64_1.0.200.202301161003/tools/bin/../lib/gcc/arm-none-eabi/10.3.1/../../../../arm-none-eabi/lib/thumb/v7e-m+dp/hard/crt0.o
LOAD ./Core/Src/Process.o
LOAD ./Core/Src/RPICom.o
LOAD ./Core/Src/gpio.o
LOAD ./Core/Src/main.o
LOAD ./Core/Src/stm32h7xx_hal_msp.o
LOAD ./Core/Src/stm32h7xx_it.o
LOAD ./Core/Src/syscalls.o
LOAD ./Core/Src/sysmem.o
LOAD ./Core/Src/system_stm32h7xx.o
LOAD ./Core/Src/tim.o
LOAD ./Core/Src/usart.o
LOAD ./Core/Src/usb_otg.o
LOAD ./Core/Startup/startup_stm32h7a3zitxq.o
LOAD ./Drivers/STM32H7xx_HAL_Driver/Src/stm32h7xx_hal.o
LOAD ./Drivers/STM32H7xx_HAL_Driver/Src/stm32h7xx_hal_cortex.o
LOAD ./Drivers/STM32H7xx_HAL_Driver/Src/stm32h7xx_hal_dma.o
LOAD ./Drivers/STM32H7xx_HAL_Driver/Src/stm32h7xx_hal_dma_ex.o
LOAD ./Drivers/STM32H7xx_HAL_Driver/Src/stm32h7xx_hal_exti.o
LOAD ./Drivers/STM32H7xx_HAL_Driver/Src/stm32h7xx_hal_flash.o
LOAD ./Drivers/STM32H7xx_HAL_Driver/Src/stm32h7xx_hal_flash_ex.o
LOAD ./Drivers/STM32H7xx_HAL_Driver/Src/stm32h7xx_hal_gpio.o
LOAD ./Drivers/STM32H7xx_HAL_Driver/Src/stm32h7xx_hal_hsem.o
LOAD ./Drivers/STM32H7xx_HAL_Driver/Src/stm32h7xx_hal_i2c.o
LOAD ./Drivers/STM32H7xx_HAL_Driver/Src/stm32h7xx_hal_i2c_ex.o
LOAD ./Drivers/STM32H7xx_HAL_Driver/Src/stm32h7xx_hal_mdma.o
LOAD ./Drivers/STM32H7xx_HAL_Driver/Src/stm32h7xx_hal_pwr.o
LOAD ./Drivers/STM32H7xx_HAL_Driver/Src/stm32h7xx_hal_pwr_ex.o
LOAD ./Drivers/STM32H7xx_HAL_Driver/Src/stm32h7xx_hal_rcc.o
LOAD ./Drivers/STM32H7xx_HAL_Driver/Src/stm32h7xx_hal_rcc_ex.o
LOAD ./Drivers/STM32H7xx_HAL_Driver/Src/stm32h7xx_hal_tim.o
LOAD ./Drivers/STM32H7xx_HAL_Driver/Src/stm32h7xx_hal_tim_ex.o
LOAD ./Drivers/STM32H7xx_HAL_Driver/Src/stm32h7xx_hal_uart.o
LOAD ./Drivers/STM32H7xx_HAL_Driver/Src/stm32h7xx_hal_uart_ex.o
START GROUP
LOAD /Applications/STM32CubeIDE.app/Contents/Eclipse/plugins/com.st.stm32cube.ide.mcu.externaltools.gnu-tools-for-stm32.10.3-2021.10.macos64_1.0.200.202301161003/tools/bin/../lib/gcc/arm-none-eabi/10.3.1/../../../../arm-none-eabi/lib/thumb/v7e-m+dp/hard/libc_nano.a
LOAD /Applications/STM32CubeIDE.app/Contents/Eclipse/plugins/com.st.stm32cube.ide.mcu.externaltools.gnu-tools-for-stm32.10.3-2021.10.macos64_1.0.200.202301161003/tools/bin/../lib/gcc/arm-none-eabi/10.3.1/../../../../arm-none-eabi/lib/thumb/v7e-m+dp/hard/libm.a
END GROUP
START GROUP
LOAD /Applications/STM32CubeIDE.app/Contents/Eclipse/plugins/com.st.stm32cube.ide.mcu.externaltools.gnu-tools-for-stm32.10.3-2021.10.macos64_1.0.200.202301161003/tools/bin/../lib/gcc/arm-none-eabi/10.3.1/thumb/v7e-m+dp/hard/libgcc.a
LOAD /Applications/STM32CubeIDE.app/Contents/Eclipse/plugins/com.st.stm32cube.ide.mcu.externaltools.gnu-tools-for-stm32.10.3-2021.10.macos64_1.0.200.202301161003/tools/bin/../lib/gcc/arm-none-eabi/10.3.1/../../../../arm-none-eabi/lib/thumb/v7e-m+dp/hard/libc_nano.a
END GROUP
START GROUP
LOAD /Applications/STM32CubeIDE.app/Contents/Eclipse/plugins/com.st.stm32cube.ide.mcu.externaltools.gnu-tools-for-stm32.10.3-2021.10.macos64_1.0.200.202301161003/tools/bin/../lib/gcc/arm-none-eabi/10.3.1/thumb/v7e-m+dp/hard/libgcc.a
LOAD /Applications/STM32CubeIDE.app/Contents/Eclipse/plugins/com.st.stm32cube.ide.mcu.externaltools.gnu-tools-for-stm32.10.3-2021.10.macos64_1.0.200.202301161003/tools/bin/../lib/gcc/arm-none-eabi/10.3.1/../../../../arm-none-eabi/lib/thumb/v7e-m+dp/hard/libc_nano.a
LOAD /Applications/STM32CubeIDE.app/Contents/Eclipse/plugins/com.st.stm32cube.ide.mcu.externaltools.gnu-tools-for-stm32.10.3-2021.10.macos64_1.0.200.202301161003/tools/bin/../lib/gcc/arm-none-eabi/10.3.1/../../../../arm-none-eabi/lib/thumb/v7e-m+dp/hard/libnosys.a
END GROUP
START GROUP
LOAD /Applications/STM32CubeIDE.app/Contents/Eclipse/plugins/com.st.stm32cube.ide.mcu.externaltools.gnu-tools-for-stm32.10.3-2021.10.macos64_1.0.200.202301161003/tools/bin/../lib/gcc/arm-none-eabi/10.3.1/thumb/v7e-m+dp/hard/libgcc.a
LOAD /Applications/STM32CubeIDE.app/Contents/Eclipse/plugins/com.st.stm32cube.ide.mcu.externaltools.gnu-tools-for-stm32.10.3-2021.10.macos64_1.0.200.202301161003/tools/bin/../lib/gcc/arm-none-eabi/10.3.1/../../../../arm-none-eabi/lib/thumb/v7e-m+dp/hard/libc_nano.a
LOAD /Applications/STM32CubeIDE.app/Contents/Eclipse/plugins/com.st.stm32cube.ide.mcu.externaltools.gnu-tools-for-stm32.10.3-2021.10.macos64_1.0.200.202301161003/tools/bin/../lib/gcc/arm-none-eabi/10.3.1/../../../../arm-none-eabi/lib/thumb/v7e-m+dp/hard/libnosys.a
END GROUP
LOAD /Applications/STM32CubeIDE.app/Contents/Eclipse/plugins/com.st.stm32cube.ide.mcu.externaltools.gnu-tools-for-stm32.10.3-2021.10.macos64_1.0.200.202301161003/tools/bin/../lib/gcc/arm-none-eabi/10.3.1/thumb/v7e-m+dp/hard/crtend.o
LOAD /Applications/STM32CubeIDE.app/Contents/Eclipse/plugins/com.st.stm32cube.ide.mcu.externaltools.gnu-tools-for-stm32.10.3-2021.10.macos64_1.0.200.202301161003/tools/bin/../lib/gcc/arm-none-eabi/10.3.1/thumb/v7e-m+dp/hard/crtn.o
                0x0000000024100000                _estack = (ORIGIN (RAM) + LENGTH (RAM))
                0x0000000000000200                _Min_Heap_Size = 0x200
                0x0000000000000400                _Min_Stack_Size = 0x400

.isr_vector     0x0000000008000000      0x2ac
                0x0000000008000000                . = ALIGN (0x4)
 *(.isr_vector)
 .isr_vector    0x0000000008000000      0x2ac ./Core/Startup/startup_stm32h7a3zitxq.o
                0x0000000008000000                g_pfnVectors
                0x00000000080002ac                . = ALIGN (0x4)

.text           0x00000000080002b0     0xa160
                0x00000000080002b0                . = ALIGN (0x4)
 *(.text)
 .text          0x00000000080002b0       0x40 /Applications/STM32CubeIDE.app/Contents/Eclipse/plugins/com.st.stm32cube.ide.mcu.externaltools.gnu-tools-for-stm32.10.3-2021.10.macos64_1.0.200.202301161003/tools/bin/../lib/gcc/arm-none-eabi/10.3.1/thumb/v7e-m+dp/hard/crtbegin.o
 .text          0x00000000080002f0       0xa0 /Applications/STM32CubeIDE.app/Contents/Eclipse/plugins/com.st.stm32cube.ide.mcu.externaltools.gnu-tools-for-stm32.10.3-2021.10.macos64_1.0.200.202301161003/tools/bin/../lib/gcc/arm-none-eabi/10.3.1/../../../../arm-none-eabi/lib/thumb/v7e-m+dp/hard/libc_nano.a(lib_a-memchr.o)
                0x00000000080002f0                memchr
 .text          0x0000000008000390       0x30 /Applications/STM32CubeIDE.app/Contents/Eclipse/plugins/com.st.stm32cube.ide.mcu.externaltools.gnu-tools-for-stm32.10.3-2021.10.macos64_1.0.200.202301161003/tools/bin/../lib/gcc/arm-none-eabi/10.3.1/thumb/v7e-m+dp/hard/libgcc.a(_aeabi_uldivmod.o)
                0x0000000008000390                __aeabi_uldivmod
 .text          0x00000000080003c0      0x2d0 /Applications/STM32CubeIDE.app/Contents/Eclipse/plugins/com.st.stm32cube.ide.mcu.externaltools.gnu-tools-for-stm32.10.3-2021.10.macos64_1.0.200.202301161003/tools/bin/../lib/gcc/arm-none-eabi/10.3.1/thumb/v7e-m+dp/hard/libgcc.a(_udivmoddi4.o)
                0x00000000080003c0                __udivmoddi4
 .text          0x0000000008000690        0x4 /Applications/STM32CubeIDE.app/Contents/Eclipse/plugins/com.st.stm32cube.ide.mcu.externaltools.gnu-tools-for-stm32.10.3-2021.10.macos64_1.0.200.202301161003/tools/bin/../lib/gcc/arm-none-eabi/10.3.1/thumb/v7e-m+dp/hard/libgcc.a(_dvmd_tls.o)
                0x0000000008000690                __aeabi_ldiv0
                0x0000000008000690                __aeabi_idiv0
 *(.text*)
 .text.Thrust_Init
                0x0000000008000694      0x2ec ./Core/Src/Process.o
                0x0000000008000694                Thrust_Init
 .text.Process_Init
                0x0000000008000980        0xc ./Core/Src/Process.o
                0x0000000008000980                Process_Init
 .text.Process  0x000000000800098c       0x44 ./Core/Src/Process.o
                0x000000000800098c                Process
 .text.AdjustThrust
                0x00000000080009d0       0xf8 ./Core/Src/Process.o
                0x00000000080009d0                AdjustThrust
 .text.AdjustAngle
                0x0000000008000ac8       0x5c ./Core/Src/Process.o
                0x0000000008000ac8                AdjustAngle
 .text.RPICom_Init
                0x0000000008000b24       0x94 ./Core/Src/RPICom.o
                0x0000000008000b24                RPICom_Init
 .text.RPICom_UartActivate
                0x0000000008000bb8       0x20 ./Core/Src/RPICom.o
                0x0000000008000bb8                RPICom_UartActivate
 .text.checkSum
                0x0000000008000bd8       0x42 ./Core/Src/RPICom.o
                0x0000000008000bd8                checkSum
 *fill*         0x0000000008000c1a        0x2 
 .text.RPICom_DecodeBinaryMessage
                0x0000000008000c1c       0xe4 ./Core/Src/RPICom.o
                0x0000000008000c1c                RPICom_DecodeBinaryMessage
 .text.acquireData
                0x0000000008000d00       0x3c ./Core/Src/RPICom.o
                0x0000000008000d00                acquireData
 .text.RPICom_SendBinaryMessage
                0x0000000008000d3c       0xa4 ./Core/Src/RPICom.o
                0x0000000008000d3c                RPICom_SendBinaryMessage
 .text.MX_GPIO_Init
                0x0000000008000de0      0x234 ./Core/Src/gpio.o
                0x0000000008000de0                MX_GPIO_Init
 .text.main     0x0000000008001014       0x70 ./Core/Src/main.o
                0x0000000008001014                main
 .text.SystemClock_Config
                0x0000000008001084       0xec ./Core/Src/main.o
                0x0000000008001084                SystemClock_Config
 .text.Error_Handler
                0x0000000008001170        0xa ./Core/Src/main.o
                0x0000000008001170                Error_Handler
 *fill*         0x000000000800117a        0x2 
 .text.HAL_MspInit
                0x000000000800117c       0x34 ./Core/Src/stm32h7xx_hal_msp.o
                0x000000000800117c                HAL_MspInit
 .text.NMI_Handler
                0x00000000080011b0        0x6 ./Core/Src/stm32h7xx_it.o
                0x00000000080011b0                NMI_Handler
 .text.HardFault_Handler
                0x00000000080011b6        0x6 ./Core/Src/stm32h7xx_it.o
                0x00000000080011b6                HardFault_Handler
 .text.MemManage_Handler
                0x00000000080011bc        0x6 ./Core/Src/stm32h7xx_it.o
                0x00000000080011bc                MemManage_Handler
 .text.BusFault_Handler
                0x00000000080011c2        0x6 ./Core/Src/stm32h7xx_it.o
                0x00000000080011c2                BusFault_Handler
 .text.UsageFault_Handler
                0x00000000080011c8        0x6 ./Core/Src/stm32h7xx_it.o
                0x00000000080011c8                UsageFault_Handler
 .text.SVC_Handler
                0x00000000080011ce        0xe ./Core/Src/stm32h7xx_it.o
                0x00000000080011ce                SVC_Handler
 .text.DebugMon_Handler
                0x00000000080011dc        0xe ./Core/Src/stm32h7xx_it.o
                0x00000000080011dc                DebugMon_Handler
 .text.PendSV_Handler
                0x00000000080011ea        0xe ./Core/Src/stm32h7xx_it.o
                0x00000000080011ea                PendSV_Handler
 .text.SysTick_Handler
                0x00000000080011f8        0xc ./Core/Src/stm32h7xx_it.o
                0x00000000080011f8                SysTick_Handler
 .text.TIM3_IRQHandler
                0x0000000008001204       0x18 ./Core/Src/stm32h7xx_it.o
                0x0000000008001204                TIM3_IRQHandler
 .text.UART4_IRQHandler
                0x000000000800121c       0x14 ./Core/Src/stm32h7xx_it.o
                0x000000000800121c                UART4_IRQHandler
 .text._sbrk    0x0000000008001230       0x6c ./Core/Src/sysmem.o
                0x0000000008001230                _sbrk
 .text.SystemInit
                0x000000000800129c       0xf0 ./Core/Src/system_stm32h7xx.o
                0x000000000800129c                SystemInit
 .text.MX_TIM2_Init
                0x000000000800138c      0x104 ./Core/Src/tim.o
                0x000000000800138c                MX_TIM2_Init
 .text.MX_TIM3_Init
                0x0000000008001490       0xa0 ./Core/Src/tim.o
                0x0000000008001490                MX_TIM3_Init
 .text.HAL_TIM_Base_MspInit
                0x0000000008001530       0x7c ./Core/Src/tim.o
                0x0000000008001530                HAL_TIM_Base_MspInit
 .text.HAL_TIM_MspPostInit
                0x00000000080015ac       0x70 ./Core/Src/tim.o
                0x00000000080015ac                HAL_TIM_MspPostInit
 .text.MX_UART4_Init
                0x000000000800161c       0xa8 ./Core/Src/usart.o
                0x000000000800161c                MX_UART4_Init
 .text.MX_USART3_UART_Init
                0x00000000080016c4       0x98 ./Core/Src/usart.o
                0x00000000080016c4                MX_USART3_UART_Init
 .text.HAL_UART_MspInit
                0x000000000800175c      0x1cc ./Core/Src/usart.o
                0x000000000800175c                HAL_UART_MspInit
 .text.HAL_UART_RxCpltCallback
                0x0000000008001928       0x2c ./Core/Src/usart.o
                0x0000000008001928                HAL_UART_RxCpltCallback
 .text.MX_USB_OTG_HS_USB_Init
                0x0000000008001954        0xe ./Core/Src/usb_otg.o
                0x0000000008001954                MX_USB_OTG_HS_USB_Init
 *fill*         0x0000000008001962        0x2 
 .text.Reset_Handler
                0x0000000008001964       0x50 ./Core/Startup/startup_stm32h7a3zitxq.o
                0x0000000008001964                Reset_Handler
 .text.Default_Handler
                0x00000000080019b4        0x2 ./Core/Startup/startup_stm32h7a3zitxq.o
                0x00000000080019b4                BDMA2_Channel4_IRQHandler
                0x00000000080019b4                EXTI2_IRQHandler
                0x00000000080019b4                TIM8_CC_IRQHandler
                0x00000000080019b4                UART8_IRQHandler
                0x00000000080019b4                BDMA2_Channel1_IRQHandler
                0x00000000080019b4                SPI4_IRQHandler
                0x00000000080019b4                BDMA2_Channel0_IRQHandler
                0x00000000080019b4                TIM1_CC_IRQHandler
                0x00000000080019b4                DMA2_Stream5_IRQHandler
                0x00000000080019b4                JPEG_IRQHandler
                0x00000000080019b4                DMA1_Stream5_IRQHandler
                0x00000000080019b4                EXTI3_IRQHandler
                0x00000000080019b4                LPTIM4_IRQHandler
                0x00000000080019b4                TIM8_TRG_COM_TIM14_IRQHandler
                0x00000000080019b4                LPTIM2_IRQHandler
                0x00000000080019b4                DFSDM1_FLT1_IRQHandler
                0x00000000080019b4                DMAMUX2_OVR_IRQHandler
                0x00000000080019b4                GFXMMU_IRQHandler
                0x00000000080019b4                TIM8_UP_TIM13_IRQHandler
                0x00000000080019b4                I2C3_ER_IRQHandler
                0x00000000080019b4                DFSDM1_FLT2_IRQHandler
                0x00000000080019b4                USART10_IRQHandler
                0x00000000080019b4                MDMA_IRQHandler
                0x00000000080019b4                LPTIM3_IRQHandler
                0x00000000080019b4                BDMA2_Channel3_IRQHandler
                0x00000000080019b4                HSEM1_IRQHandler
                0x00000000080019b4                EXTI0_IRQHandler
                0x00000000080019b4                I2C2_EV_IRQHandler
                0x00000000080019b4                DAC2_IRQHandler
                0x00000000080019b4                DMA1_Stream2_IRQHandler
                0x00000000080019b4                FPU_IRQHandler
                0x00000000080019b4                OTG_HS_WKUP_IRQHandler
                0x00000000080019b4                FDCAN1_IT1_IRQHandler
                0x00000000080019b4                LTDC_ER_IRQHandler
                0x00000000080019b4                DMA2_Stream2_IRQHandler
                0x00000000080019b4                SPI1_IRQHandler
                0x00000000080019b4                OCTOSPI1_IRQHandler
                0x00000000080019b4                TIM6_DAC_IRQHandler
                0x00000000080019b4                BDMA2_Channel6_IRQHandler
                0x00000000080019b4                DMA2_Stream3_IRQHandler
                0x00000000080019b4                OCTOSPI2_IRQHandler
                0x00000000080019b4                SAI2_IRQHandler
                0x00000000080019b4                BDMA1_IRQHandler
                0x00000000080019b4                DFSDM1_FLT3_IRQHandler
                0x00000000080019b4                USART6_IRQHandler
                0x00000000080019b4                TIM17_IRQHandler
                0x00000000080019b4                USART3_IRQHandler
                0x00000000080019b4                LPTIM5_IRQHandler
                0x00000000080019b4                UART5_IRQHandler
                0x00000000080019b4                DMA2_Stream0_IRQHandler
                0x00000000080019b4                TIM4_IRQHandler
                0x00000000080019b4                I2C1_EV_IRQHandler
                0x00000000080019b4                DMA1_Stream6_IRQHandler
                0x00000000080019b4                DMAMUX1_OVR_IRQHandler
                0x00000000080019b4                DMA1_Stream1_IRQHandler
                0x00000000080019b4                TIM16_IRQHandler
                0x00000000080019b4                RCC_IRQHandler
                0x00000000080019b4                UART9_IRQHandler
                0x00000000080019b4                TIM8_BRK_TIM12_IRQHandler
                0x00000000080019b4                TIM1_TRG_COM_IRQHandler
                0x00000000080019b4                Default_Handler
                0x00000000080019b4                ECC_IRQHandler
                0x00000000080019b4                BDMA2_Channel2_IRQHandler
                0x00000000080019b4                CEC_IRQHandler
                0x00000000080019b4                EXTI15_10_IRQHandler
                0x00000000080019b4                DFSDM1_FLT4_IRQHandler
                0x00000000080019b4                ADC_IRQHandler
                0x00000000080019b4                DMA1_Stream7_IRQHandler
                0x00000000080019b4                SPI5_IRQHandler
                0x00000000080019b4                TIM7_IRQHandler
                0x00000000080019b4                SDMMC1_IRQHandler
                0x00000000080019b4                TIM5_IRQHandler
                0x00000000080019b4                DMA2_Stream7_IRQHandler
                0x00000000080019b4                TIM15_IRQHandler
                0x00000000080019b4                I2C3_EV_IRQHandler
                0x00000000080019b4                DFSDM2_IRQHandler
                0x00000000080019b4                EXTI9_5_IRQHandler
                0x00000000080019b4                RTC_WKUP_IRQHandler
                0x00000000080019b4                LTDC_IRQHandler
                0x00000000080019b4                SPDIF_RX_IRQHandler
                0x00000000080019b4                PVD_PVM_IRQHandler
                0x00000000080019b4                SPI2_IRQHandler
                0x00000000080019b4                OTG_HS_EP1_IN_IRQHandler
                0x00000000080019b4                DFSDM1_FLT5_IRQHandler
                0x00000000080019b4                DMA1_Stream0_IRQHandler
                0x00000000080019b4                CRS_IRQHandler
                0x00000000080019b4                EXTI4_IRQHandler
                0x00000000080019b4                DFSDM1_FLT6_IRQHandler
                0x00000000080019b4                RNG_IRQHandler
                0x00000000080019b4                FDCAN2_IT1_IRQHandler
                0x00000000080019b4                COMP_IRQHandler
                0x00000000080019b4                TIM1_UP_IRQHandler
                0x00000000080019b4                OTG_HS_EP1_OUT_IRQHandler
                0x00000000080019b4                WWDG_IRQHandler
                0x00000000080019b4                SPI6_IRQHandler
                0x00000000080019b4                MDIOS_IRQHandler
                0x00000000080019b4                I2C4_EV_IRQHandler
                0x00000000080019b4                FDCAN2_IT0_IRQHandler
                0x00000000080019b4                LPUART1_IRQHandler
                0x00000000080019b4                FDCAN1_IT0_IRQHandler
                0x00000000080019b4                TIM2_IRQHandler
                0x00000000080019b4                BDMA2_Channel5_IRQHandler
                0x00000000080019b4                OTG_HS_IRQHandler
                0x00000000080019b4                DMA2D_IRQHandler
                0x00000000080019b4                TIM1_BRK_IRQHandler
                0x00000000080019b4                EXTI1_IRQHandler
                0x00000000080019b4                SDMMC2_IRQHandler
                0x00000000080019b4                DTS_IRQHandler
                0x00000000080019b4                UART7_IRQHandler
                0x00000000080019b4                MDIOS_WKUP_IRQHandler
                0x00000000080019b4                USART2_IRQHandler
                0x00000000080019b4                DFSDM1_FLT0_IRQHandler
                0x00000000080019b4                I2C2_ER_IRQHandler
                0x00000000080019b4                DMA2_Stream1_IRQHandler
                0x00000000080019b4                DFSDM1_FLT7_IRQHandler
                0x00000000080019b4                FLASH_IRQHandler
                0x00000000080019b4                DMA2_Stream4_IRQHandler
                0x00000000080019b4                USART1_IRQHandler
                0x00000000080019b4                SPI3_IRQHandler
                0x00000000080019b4                WAKEUP_PIN_IRQHandler
                0x00000000080019b4                DMA1_Stream4_IRQHandler
                0x00000000080019b4                I2C1_ER_IRQHandler
                0x00000000080019b4                FMC_IRQHandler
                0x00000000080019b4                BDMA2_Channel7_IRQHandler
                0x00000000080019b4                FDCAN_CAL_IRQHandler
                0x00000000080019b4                SWPMI1_IRQHandler
                0x00000000080019b4                LPTIM1_IRQHandler
                0x00000000080019b4                DCMI_PSSI_IRQHandler
                0x00000000080019b4                I2C4_ER_IRQHandler
                0x00000000080019b4                DMA2_Stream6_IRQHandler
                0x00000000080019b4                SAI1_IRQHandler
                0x00000000080019b4                DMA1_Stream3_IRQHandler
                0x00000000080019b4                RTC_TAMP_STAMP_CSS_LSE_IRQHandler
                0x00000000080019b4                RTC_Alarm_IRQHandler
 *fill*         0x00000000080019b6        0x2 
 .text.HAL_Init
                0x00000000080019b8       0x78 ./Drivers/STM32H7xx_HAL_Driver/Src/stm32h7xx_hal.o
                0x00000000080019b8                HAL_Init
 .text.HAL_InitTick
                0x0000000008001a30       0x6c ./Drivers/STM32H7xx_HAL_Driver/Src/stm32h7xx_hal.o
                0x0000000008001a30                HAL_InitTick
 .text.HAL_IncTick
                0x0000000008001a9c       0x28 ./Drivers/STM32H7xx_HAL_Driver/Src/stm32h7xx_hal.o
                0x0000000008001a9c                HAL_IncTick
 .text.HAL_GetTick
                0x0000000008001ac4       0x18 ./Drivers/STM32H7xx_HAL_Driver/Src/stm32h7xx_hal.o
                0x0000000008001ac4                HAL_GetTick
 .text.HAL_Delay
                0x0000000008001adc       0x48 ./Drivers/STM32H7xx_HAL_Driver/Src/stm32h7xx_hal.o
                0x0000000008001adc                HAL_Delay
 .text.__NVIC_SetPriorityGrouping
                0x0000000008001b24       0x48 ./Drivers/STM32H7xx_HAL_Driver/Src/stm32h7xx_hal_cortex.o
 .text.__NVIC_GetPriorityGrouping
                0x0000000008001b6c       0x1c ./Drivers/STM32H7xx_HAL_Driver/Src/stm32h7xx_hal_cortex.o
 .text.__NVIC_EnableIRQ
                0x0000000008001b88       0x3c ./Drivers/STM32H7xx_HAL_Driver/Src/stm32h7xx_hal_cortex.o
 .text.__NVIC_SetPriority
                0x0000000008001bc4       0x54 ./Drivers/STM32H7xx_HAL_Driver/Src/stm32h7xx_hal_cortex.o
 .text.NVIC_EncodePriority
                0x0000000008001c18       0x66 ./Drivers/STM32H7xx_HAL_Driver/Src/stm32h7xx_hal_cortex.o
 *fill*         0x0000000008001c7e        0x2 
 .text.SysTick_Config
                0x0000000008001c80       0x44 ./Drivers/STM32H7xx_HAL_Driver/Src/stm32h7xx_hal_cortex.o
 .text.HAL_NVIC_SetPriorityGrouping
                0x0000000008001cc4       0x16 ./Drivers/STM32H7xx_HAL_Driver/Src/stm32h7xx_hal_cortex.o
                0x0000000008001cc4                HAL_NVIC_SetPriorityGrouping
 .text.HAL_NVIC_SetPriority
                0x0000000008001cda       0x34 ./Drivers/STM32H7xx_HAL_Driver/Src/stm32h7xx_hal_cortex.o
                0x0000000008001cda                HAL_NVIC_SetPriority
 .text.HAL_NVIC_EnableIRQ
                0x0000000008001d0e       0x1c ./Drivers/STM32H7xx_HAL_Driver/Src/stm32h7xx_hal_cortex.o
                0x0000000008001d0e                HAL_NVIC_EnableIRQ
 .text.HAL_SYSTICK_Config
                0x0000000008001d2a       0x18 ./Drivers/STM32H7xx_HAL_Driver/Src/stm32h7xx_hal_cortex.o
                0x0000000008001d2a                HAL_SYSTICK_Config
 *fill*         0x0000000008001d42        0x2 
 .text.HAL_DMA_Abort
                0x0000000008001d44      0x63c ./Drivers/STM32H7xx_HAL_Driver/Src/stm32h7xx_hal_dma.o
                0x0000000008001d44                HAL_DMA_Abort
 .text.HAL_DMA_Abort_IT
                0x0000000008002380      0x48c ./Drivers/STM32H7xx_HAL_Driver/Src/stm32h7xx_hal_dma.o
                0x0000000008002380                HAL_DMA_Abort_IT
 .text.HAL_GPIO_Init
                0x000000000800280c      0x360 ./Drivers/STM32H7xx_HAL_Driver/Src/stm32h7xx_hal_gpio.o
                0x000000000800280c                HAL_GPIO_Init
 .text.HAL_GPIO_WritePin
                0x0000000008002b6c       0x32 ./Drivers/STM32H7xx_HAL_Driver/Src/stm32h7xx_hal_gpio.o
                0x0000000008002b6c                HAL_GPIO_WritePin
 .text.HAL_GPIO_TogglePin
                0x0000000008002b9e       0x34 ./Drivers/STM32H7xx_HAL_Driver/Src/stm32h7xx_hal_gpio.o
                0x0000000008002b9e                HAL_GPIO_TogglePin
 *fill*         0x0000000008002bd2        0x2 
 .text.HAL_PWREx_ConfigSupply
                0x0000000008002bd4       0xb4 ./Drivers/STM32H7xx_HAL_Driver/Src/stm32h7xx_hal_pwr_ex.o
                0x0000000008002bd4                HAL_PWREx_ConfigSupply
 .text.HAL_RCC_OscConfig
                0x0000000008002c88      0x864 ./Drivers/STM32H7xx_HAL_Driver/Src/stm32h7xx_hal_rcc.o
                0x0000000008002c88                HAL_RCC_OscConfig
 .text.HAL_RCC_ClockConfig
                0x00000000080034ec      0x36c ./Drivers/STM32H7xx_HAL_Driver/Src/stm32h7xx_hal_rcc.o
                0x00000000080034ec                HAL_RCC_ClockConfig
 .text.HAL_RCC_GetSysClockFreq
                0x0000000008003858      0x2f4 ./Drivers/STM32H7xx_HAL_Driver/Src/stm32h7xx_hal_rcc.o
                0x0000000008003858                HAL_RCC_GetSysClockFreq
 .text.HAL_RCC_GetHCLKFreq
                0x0000000008003b4c       0x60 ./Drivers/STM32H7xx_HAL_Driver/Src/stm32h7xx_hal_rcc.o
                0x0000000008003b4c                HAL_RCC_GetHCLKFreq
 .text.HAL_RCC_GetPCLK1Freq
                0x0000000008003bac       0x2c ./Drivers/STM32H7xx_HAL_Driver/Src/stm32h7xx_hal_rcc.o
                0x0000000008003bac                HAL_RCC_GetPCLK1Freq
 .text.HAL_RCC_GetPCLK2Freq
                0x0000000008003bd8       0x2c ./Drivers/STM32H7xx_HAL_Driver/Src/stm32h7xx_hal_rcc.o
                0x0000000008003bd8                HAL_RCC_GetPCLK2Freq
 .text.HAL_RCCEx_PeriphCLKConfig
                0x0000000008003c04     0x137c ./Drivers/STM32H7xx_HAL_Driver/Src/stm32h7xx_hal_rcc_ex.o
                0x0000000008003c04                HAL_RCCEx_PeriphCLKConfig
 .text.HAL_RCCEx_GetD3PCLK1Freq
                0x0000000008004f80       0x2c ./Drivers/STM32H7xx_HAL_Driver/Src/stm32h7xx_hal_rcc_ex.o
                0x0000000008004f80                HAL_RCCEx_GetD3PCLK1Freq
 .text.HAL_RCCEx_GetPLL2ClockFreq
                0x0000000008004fac      0x2a8 ./Drivers/STM32H7xx_HAL_Driver/Src/stm32h7xx_hal_rcc_ex.o
                0x0000000008004fac                HAL_RCCEx_GetPLL2ClockFreq
 .text.HAL_RCCEx_GetPLL3ClockFreq
                0x0000000008005254      0x2a8 ./Drivers/STM32H7xx_HAL_Driver/Src/stm32h7xx_hal_rcc_ex.o
                0x0000000008005254                HAL_RCCEx_GetPLL3ClockFreq
 .text.RCCEx_PLL2_Config
                0x00000000080054fc      0x164 ./Drivers/STM32H7xx_HAL_Driver/Src/stm32h7xx_hal_rcc_ex.o
 .text.RCCEx_PLL3_Config
                0x0000000008005660      0x164 ./Drivers/STM32H7xx_HAL_Driver/Src/stm32h7xx_hal_rcc_ex.o
 .text.HAL_TIM_Base_Init
                0x00000000080057c4       0xae ./Drivers/STM32H7xx_HAL_Driver/Src/stm32h7xx_hal_tim.o
                0x00000000080057c4                HAL_TIM_Base_Init
 .text.HAL_TIM_PWM_Init
                0x0000000008005872       0xae ./Drivers/STM32H7xx_HAL_Driver/Src/stm32h7xx_hal_tim.o
                0x0000000008005872                HAL_TIM_PWM_Init
 .text.HAL_TIM_PWM_MspInit
                0x0000000008005920       0x14 ./Drivers/STM32H7xx_HAL_Driver/Src/stm32h7xx_hal_tim.o
                0x0000000008005920                HAL_TIM_PWM_MspInit
 .text.HAL_TIM_PWM_Start
                0x0000000008005934      0x21c ./Drivers/STM32H7xx_HAL_Driver/Src/stm32h7xx_hal_tim.o
                0x0000000008005934                HAL_TIM_PWM_Start
 .text.HAL_TIM_IRQHandler
                0x0000000008005b50      0x23e ./Drivers/STM32H7xx_HAL_Driver/Src/stm32h7xx_hal_tim.o
                0x0000000008005b50                HAL_TIM_IRQHandler
 *fill*         0x0000000008005d8e        0x2 
 .text.HAL_TIM_PWM_ConfigChannel
                0x0000000008005d90      0x228 ./Drivers/STM32H7xx_HAL_Driver/Src/stm32h7xx_hal_tim.o
                0x0000000008005d90                HAL_TIM_PWM_ConfigChannel
 .text.HAL_TIM_ConfigClockSource
                0x0000000008005fb8      0x1f0 ./Drivers/STM32H7xx_HAL_Driver/Src/stm32h7xx_hal_tim.o
                0x0000000008005fb8                HAL_TIM_ConfigClockSource
 .text.HAL_TIM_PeriodElapsedCallback
                0x00000000080061a8       0x14 ./Drivers/STM32H7xx_HAL_Driver/Src/stm32h7xx_hal_tim.o
                0x00000000080061a8                HAL_TIM_PeriodElapsedCallback
 .text.HAL_TIM_OC_DelayElapsedCallback
                0x00000000080061bc       0x14 ./Drivers/STM32H7xx_HAL_Driver/Src/stm32h7xx_hal_tim.o
                0x00000000080061bc                HAL_TIM_OC_DelayElapsedCallback
 .text.HAL_TIM_IC_CaptureCallback
                0x00000000080061d0       0x14 ./Drivers/STM32H7xx_HAL_Driver/Src/stm32h7xx_hal_tim.o
                0x00000000080061d0                HAL_TIM_IC_CaptureCallback
 .text.HAL_TIM_PWM_PulseFinishedCallback
                0x00000000080061e4       0x14 ./Drivers/STM32H7xx_HAL_Driver/Src/stm32h7xx_hal_tim.o
                0x00000000080061e4                HAL_TIM_PWM_PulseFinishedCallback
 .text.HAL_TIM_TriggerCallback
                0x00000000080061f8       0x14 ./Drivers/STM32H7xx_HAL_Driver/Src/stm32h7xx_hal_tim.o
                0x00000000080061f8                HAL_TIM_TriggerCallback
 .text.TIM_Base_SetConfig
                0x000000000800620c      0x134 ./Drivers/STM32H7xx_HAL_Driver/Src/stm32h7xx_hal_tim.o
                0x000000000800620c                TIM_Base_SetConfig
 .text.TIM_OC1_SetConfig
                0x0000000008006340      0x120 ./Drivers/STM32H7xx_HAL_Driver/Src/stm32h7xx_hal_tim.o
 .text.TIM_OC2_SetConfig
                0x0000000008006460      0x114 ./Drivers/STM32H7xx_HAL_Driver/Src/stm32h7xx_hal_tim.o
                0x0000000008006460                TIM_OC2_SetConfig
 .text.TIM_OC3_SetConfig
                0x0000000008006574      0x110 ./Drivers/STM32H7xx_HAL_Driver/Src/stm32h7xx_hal_tim.o
 .text.TIM_OC4_SetConfig
                0x0000000008006684       0xd4 ./Drivers/STM32H7xx_HAL_Driver/Src/stm32h7xx_hal_tim.o
 .text.TIM_OC5_SetConfig
                0x0000000008006758       0xc8 ./Drivers/STM32H7xx_HAL_Driver/Src/stm32h7xx_hal_tim.o
 .text.TIM_OC6_SetConfig
                0x0000000008006820       0xcc ./Drivers/STM32H7xx_HAL_Driver/Src/stm32h7xx_hal_tim.o
 .text.TIM_TI1_ConfigInputStage
                0x00000000080068ec       0x5e ./Drivers/STM32H7xx_HAL_Driver/Src/stm32h7xx_hal_tim.o
 .text.TIM_TI2_ConfigInputStage
                0x000000000800694a       0x60 ./Drivers/STM32H7xx_HAL_Driver/Src/stm32h7xx_hal_tim.o
 *fill*         0x00000000080069aa        0x2 
 .text.TIM_ITRx_SetConfig
                0x00000000080069ac       0x3c ./Drivers/STM32H7xx_HAL_Driver/Src/stm32h7xx_hal_tim.o
 .text.TIM_ETR_SetConfig
                0x00000000080069e8       0x40 ./Drivers/STM32H7xx_HAL_Driver/Src/stm32h7xx_hal_tim.o
                0x00000000080069e8                TIM_ETR_SetConfig
 .text.TIM_CCxChannelCmd
                0x0000000008006a28       0x4a ./Drivers/STM32H7xx_HAL_Driver/Src/stm32h7xx_hal_tim.o
                0x0000000008006a28                TIM_CCxChannelCmd
 *fill*         0x0000000008006a72        0x2 
 .text.HAL_TIMEx_MasterConfigSynchronization
                0x0000000008006a74      0x11c ./Drivers/STM32H7xx_HAL_Driver/Src/stm32h7xx_hal_tim_ex.o
                0x0000000008006a74                HAL_TIMEx_MasterConfigSynchronization
 .text.HAL_TIMEx_CommutCallback
                0x0000000008006b90       0x14 ./Drivers/STM32H7xx_HAL_Driver/Src/stm32h7xx_hal_tim_ex.o
                0x0000000008006b90                HAL_TIMEx_CommutCallback
 .text.HAL_TIMEx_BreakCallback
                0x0000000008006ba4       0x14 ./Drivers/STM32H7xx_HAL_Driver/Src/stm32h7xx_hal_tim_ex.o
                0x0000000008006ba4                HAL_TIMEx_BreakCallback
 .text.HAL_TIMEx_Break2Callback
                0x0000000008006bb8       0x14 ./Drivers/STM32H7xx_HAL_Driver/Src/stm32h7xx_hal_tim_ex.o
                0x0000000008006bb8                HAL_TIMEx_Break2Callback
 .text.HAL_UART_Init
                0x0000000008006bcc       0xa0 ./Drivers/STM32H7xx_HAL_Driver/Src/stm32h7xx_hal_uart.o
                0x0000000008006bcc                HAL_UART_Init
 .text.HAL_UART_Transmit
                0x0000000008006c6c      0x11c ./Drivers/STM32H7xx_HAL_Driver/Src/stm32h7xx_hal_uart.o
                0x0000000008006c6c                HAL_UART_Transmit
 .text.HAL_UART_Transmit_IT
                0x0000000008006d88      0x128 ./Drivers/STM32H7xx_HAL_Driver/Src/stm32h7xx_hal_uart.o
                0x0000000008006d88                HAL_UART_Transmit_IT
 .text.HAL_UART_Receive_IT
                0x0000000008006eb0       0x98 ./Drivers/STM32H7xx_HAL_Driver/Src/stm32h7xx_hal_uart.o
                0x0000000008006eb0                HAL_UART_Receive_IT
 .text.HAL_UART_IRQHandler
                0x0000000008006f48      0x774 ./Drivers/STM32H7xx_HAL_Driver/Src/stm32h7xx_hal_uart.o
                0x0000000008006f48                HAL_UART_IRQHandler
 .text.HAL_UART_TxCpltCallback
                0x00000000080076bc       0x14 ./Drivers/STM32H7xx_HAL_Driver/Src/stm32h7xx_hal_uart.o
                0x00000000080076bc                HAL_UART_TxCpltCallback
 .text.HAL_UART_ErrorCallback
                0x00000000080076d0       0x14 ./Drivers/STM32H7xx_HAL_Driver/Src/stm32h7xx_hal_uart.o
                0x00000000080076d0                HAL_UART_ErrorCallback
 .text.HAL_UARTEx_RxEventCallback
                0x00000000080076e4       0x18 ./Drivers/STM32H7xx_HAL_Driver/Src/stm32h7xx_hal_uart.o
                0x00000000080076e4                HAL_UARTEx_RxEventCallback
 .text.UART_SetConfig
                0x00000000080076fc      0xcd8 ./Drivers/STM32H7xx_HAL_Driver/Src/stm32h7xx_hal_uart.o
                0x00000000080076fc                UART_SetConfig
 .text.UART_AdvFeatureConfig
                0x00000000080083d4      0x144 ./Drivers/STM32H7xx_HAL_Driver/Src/stm32h7xx_hal_uart.o
                0x00000000080083d4                UART_AdvFeatureConfig
 .text.UART_CheckIdleState
                0x0000000008008518      0x154 ./Drivers/STM32H7xx_HAL_Driver/Src/stm32h7xx_hal_uart.o
                0x0000000008008518                UART_CheckIdleState
 .text.UART_WaitOnFlagUntilTimeout
                0x000000000800866c       0xce ./Drivers/STM32H7xx_HAL_Driver/Src/stm32h7xx_hal_uart.o
                0x000000000800866c                UART_WaitOnFlagUntilTimeout
 *fill*         0x000000000800873a        0x2 
 .text.UART_Start_Receive_IT
                0x000000000800873c      0x244 ./Drivers/STM32H7xx_HAL_Driver/Src/stm32h7xx_hal_uart.o
                0x000000000800873c                UART_Start_Receive_IT
 .text.UART_EndRxTransfer
                0x0000000008008980       0xcc ./Drivers/STM32H7xx_HAL_Driver/Src/stm32h7xx_hal_uart.o
 .text.UART_DMAAbortOnError
                0x0000000008008a4c       0x2c ./Drivers/STM32H7xx_HAL_Driver/Src/stm32h7xx_hal_uart.o
 .text.UART_TxISR_8BIT
                0x0000000008008a78       0xb8 ./Drivers/STM32H7xx_HAL_Driver/Src/stm32h7xx_hal_uart.o
 .text.UART_TxISR_16BIT
                0x0000000008008b30       0xc2 ./Drivers/STM32H7xx_HAL_Driver/Src/stm32h7xx_hal_uart.o
 .text.UART_TxISR_8BIT_FIFOEN
                0x0000000008008bf2       0xe0 ./Drivers/STM32H7xx_HAL_Driver/Src/stm32h7xx_hal_uart.o
 .text.UART_TxISR_16BIT_FIFOEN
                0x0000000008008cd2       0xea ./Drivers/STM32H7xx_HAL_Driver/Src/stm32h7xx_hal_uart.o
 .text.UART_EndTransmit_IT
                0x0000000008008dbc       0x56 ./Drivers/STM32H7xx_HAL_Driver/Src/stm32h7xx_hal_uart.o
 *fill*         0x0000000008008e12        0x2 
 .text.UART_RxISR_8BIT
                0x0000000008008e14      0x1b8 ./Drivers/STM32H7xx_HAL_Driver/Src/stm32h7xx_hal_uart.o
 .text.UART_RxISR_16BIT
                0x0000000008008fcc      0x1b8 ./Drivers/STM32H7xx_HAL_Driver/Src/stm32h7xx_hal_uart.o
 .text.UART_RxISR_8BIT_FIFOEN
                0x0000000008009184      0x360 ./Drivers/STM32H7xx_HAL_Driver/Src/stm32h7xx_hal_uart.o
 .text.UART_RxISR_16BIT_FIFOEN
                0x00000000080094e4      0x368 ./Drivers/STM32H7xx_HAL_Driver/Src/stm32h7xx_hal_uart.o
 .text.HAL_UARTEx_WakeupCallback
                0x000000000800984c       0x14 ./Drivers/STM32H7xx_HAL_Driver/Src/stm32h7xx_hal_uart_ex.o
                0x000000000800984c                HAL_UARTEx_WakeupCallback
 .text.HAL_UARTEx_RxFifoFullCallback
                0x0000000008009860       0x14 ./Drivers/STM32H7xx_HAL_Driver/Src/stm32h7xx_hal_uart_ex.o
                0x0000000008009860                HAL_UARTEx_RxFifoFullCallback
 .text.HAL_UARTEx_TxFifoEmptyCallback
                0x0000000008009874       0x14 ./Drivers/STM32H7xx_HAL_Driver/Src/stm32h7xx_hal_uart_ex.o
                0x0000000008009874                HAL_UARTEx_TxFifoEmptyCallback
 .text.HAL_UARTEx_DisableFifoMode
                0x0000000008009888       0x72 ./Drivers/STM32H7xx_HAL_Driver/Src/stm32h7xx_hal_uart_ex.o
                0x0000000008009888                HAL_UARTEx_DisableFifoMode
 .text.HAL_UARTEx_SetTxFifoThreshold
                0x00000000080098fa       0x7c ./Drivers/STM32H7xx_HAL_Driver/Src/stm32h7xx_hal_uart_ex.o
                0x00000000080098fa                HAL_UARTEx_SetTxFifoThreshold
 .text.HAL_UARTEx_SetRxFifoThreshold
                0x0000000008009976       0x7c ./Drivers/STM32H7xx_HAL_Driver/Src/stm32h7xx_hal_uart_ex.o
                0x0000000008009976                HAL_UARTEx_SetRxFifoThreshold
 *fill*         0x00000000080099f2        0x2 
 .text.UARTEx_SetNbDataToProcess
                0x00000000080099f4       0x9c ./Drivers/STM32H7xx_HAL_Driver/Src/stm32h7xx_hal_uart_ex.o
 .text.__errno  0x0000000008009a90        0xc /Applications/STM32CubeIDE.app/Contents/Eclipse/plugins/com.st.stm32cube.ide.mcu.externaltools.gnu-tools-for-stm32.10.3-2021.10.macos64_1.0.200.202301161003/tools/bin/../lib/gcc/arm-none-eabi/10.3.1/../../../../arm-none-eabi/lib/thumb/v7e-m+dp/hard/libc_nano.a(lib_a-errno.o)
                0x0000000008009a90                __errno
 .text.__libc_init_array
                0x0000000008009a9c       0x48 /Applications/STM32CubeIDE.app/Contents/Eclipse/plugins/com.st.stm32cube.ide.mcu.externaltools.gnu-tools-for-stm32.10.3-2021.10.macos64_1.0.200.202301161003/tools/bin/../lib/gcc/arm-none-eabi/10.3.1/../../../../arm-none-eabi/lib/thumb/v7e-m+dp/hard/libc_nano.a(lib_a-init.o)
                0x0000000008009a9c                __libc_init_array
 .text.memset   0x0000000008009ae4       0x10 /Applications/STM32CubeIDE.app/Contents/Eclipse/plugins/com.st.stm32cube.ide.mcu.externaltools.gnu-tools-for-stm32.10.3-2021.10.macos64_1.0.200.202301161003/tools/bin/../lib/gcc/arm-none-eabi/10.3.1/../../../../arm-none-eabi/lib/thumb/v7e-m+dp/hard/libc_nano.a(lib_a-memset.o)
                0x0000000008009ae4                memset
 .text.snprintf
                0x0000000008009af4       0x68 /Applications/STM32CubeIDE.app/Contents/Eclipse/plugins/com.st.stm32cube.ide.mcu.externaltools.gnu-tools-for-stm32.10.3-2021.10.macos64_1.0.200.202301161003/tools/bin/../lib/gcc/arm-none-eabi/10.3.1/../../../../arm-none-eabi/lib/thumb/v7e-m+dp/hard/libc_nano.a(lib_a-snprintf.o)
                0x0000000008009af4                snprintf
                0x0000000008009af4                sniprintf
 .text.__ssputs_r
                0x0000000008009b5c       0xb6 /Applications/STM32CubeIDE.app/Contents/Eclipse/plugins/com.st.stm32cube.ide.mcu.externaltools.gnu-tools-for-stm32.10.3-2021.10.macos64_1.0.200.202301161003/tools/bin/../lib/gcc/arm-none-eabi/10.3.1/../../../../arm-none-eabi/lib/thumb/v7e-m+dp/hard/libc_nano.a(lib_a-nano-svfprintf.o)
                0x0000000008009b5c                __ssputs_r
 *fill*         0x0000000008009c12        0x2 
 .text._svfprintf_r
                0x0000000008009c14      0x200 /Applications/STM32CubeIDE.app/Contents/Eclipse/plugins/com.st.stm32cube.ide.mcu.externaltools.gnu-tools-for-stm32.10.3-2021.10.macos64_1.0.200.202301161003/tools/bin/../lib/gcc/arm-none-eabi/10.3.1/../../../../arm-none-eabi/lib/thumb/v7e-m+dp/hard/libc_nano.a(lib_a-nano-svfprintf.o)
                0x0000000008009c14                _svfprintf_r
                0x0000000008009c14                _svfiprintf_r
 .text._printf_common
                0x0000000008009e14       0xda /Applications/STM32CubeIDE.app/Contents/Eclipse/plugins/com.st.stm32cube.ide.mcu.externaltools.gnu-tools-for-stm32.10.3-2021.10.macos64_1.0.200.202301161003/tools/bin/../lib/gcc/arm-none-eabi/10.3.1/../../../../arm-none-eabi/lib/thumb/v7e-m+dp/hard/libc_nano.a(lib_a-nano-vfprintf_i.o)
                0x0000000008009e14                _printf_common
 *fill*         0x0000000008009eee        0x2 
 .text._printf_i
                0x0000000008009ef0      0x24c /Applications/STM32CubeIDE.app/Contents/Eclipse/plugins/com.st.stm32cube.ide.mcu.externaltools.gnu-tools-for-stm32.10.3-2021.10.macos64_1.0.200.202301161003/tools/bin/../lib/gcc/arm-none-eabi/10.3.1/../../../../arm-none-eabi/lib/thumb/v7e-m+dp/hard/libc_nano.a(lib_a-nano-vfprintf_i.o)
                0x0000000008009ef0                _printf_i
 .text.memcpy   0x000000000800a13c       0x1c /Applications/STM32CubeIDE.app/Contents/Eclipse/plugins/com.st.stm32cube.ide.mcu.externaltools.gnu-tools-for-stm32.10.3-2021.10.macos64_1.0.200.202301161003/tools/bin/../lib/gcc/arm-none-eabi/10.3.1/../../../../arm-none-eabi/lib/thumb/v7e-m+dp/hard/libc_nano.a(lib_a-memcpy-stub.o)
                0x000000000800a13c                memcpy
 .text.memmove  0x000000000800a158       0x34 /Applications/STM32CubeIDE.app/Contents/Eclipse/plugins/com.st.stm32cube.ide.mcu.externaltools.gnu-tools-for-stm32.10.3-2021.10.macos64_1.0.200.202301161003/tools/bin/../lib/gcc/arm-none-eabi/10.3.1/../../../../arm-none-eabi/lib/thumb/v7e-m+dp/hard/libc_nano.a(lib_a-memmove.o)
                0x000000000800a158                memmove
 .text._free_r  0x000000000800a18c       0x98 /Applications/STM32CubeIDE.app/Contents/Eclipse/plugins/com.st.stm32cube.ide.mcu.externaltools.gnu-tools-for-stm32.10.3-2021.10.macos64_1.0.200.202301161003/tools/bin/../lib/gcc/arm-none-eabi/10.3.1/../../../../arm-none-eabi/lib/thumb/v7e-m+dp/hard/libc_nano.a(lib_a-nano-freer.o)
                0x000000000800a18c                _free_r
 .text.sbrk_aligned
                0x000000000800a224       0x40 /Applications/STM32CubeIDE.app/Contents/Eclipse/plugins/com.st.stm32cube.ide.mcu.externaltools.gnu-tools-for-stm32.10.3-2021.10.macos64_1.0.200.202301161003/tools/bin/../lib/gcc/arm-none-eabi/10.3.1/../../../../arm-none-eabi/lib/thumb/v7e-m+dp/hard/libc_nano.a(lib_a-nano-mallocr.o)
 .text._malloc_r
                0x000000000800a264       0xe8 /Applications/STM32CubeIDE.app/Contents/Eclipse/plugins/com.st.stm32cube.ide.mcu.externaltools.gnu-tools-for-stm32.10.3-2021.10.macos64_1.0.200.202301161003/tools/bin/../lib/gcc/arm-none-eabi/10.3.1/../../../../arm-none-eabi/lib/thumb/v7e-m+dp/hard/libc_nano.a(lib_a-nano-mallocr.o)
                0x000000000800a264                _malloc_r
 .text._realloc_r
                0x000000000800a34c       0x5e /Applications/STM32CubeIDE.app/Contents/Eclipse/plugins/com.st.stm32cube.ide.mcu.externaltools.gnu-tools-for-stm32.10.3-2021.10.macos64_1.0.200.202301161003/tools/bin/../lib/gcc/arm-none-eabi/10.3.1/../../../../arm-none-eabi/lib/thumb/v7e-m+dp/hard/libc_nano.a(lib_a-nano-reallocr.o)
                0x000000000800a34c                _realloc_r
 *fill*         0x000000000800a3aa        0x2 
 .text._sbrk_r  0x000000000800a3ac       0x20 /Applications/STM32CubeIDE.app/Contents/Eclipse/plugins/com.st.stm32cube.ide.mcu.externaltools.gnu-tools-for-stm32.10.3-2021.10.macos64_1.0.200.202301161003/tools/bin/../lib/gcc/arm-none-eabi/10.3.1/../../../../arm-none-eabi/lib/thumb/v7e-m+dp/hard/libc_nano.a(lib_a-sbrkr.o)
                0x000000000800a3ac                _sbrk_r
 .text.__malloc_lock
                0x000000000800a3cc        0xc /Applications/STM32CubeIDE.app/Contents/Eclipse/plugins/com.st.stm32cube.ide.mcu.externaltools.gnu-tools-for-stm32.10.3-2021.10.macos64_1.0.200.202301161003/tools/bin/../lib/gcc/arm-none-eabi/10.3.1/../../../../arm-none-eabi/lib/thumb/v7e-m+dp/hard/libc_nano.a(lib_a-mlock.o)
                0x000000000800a3cc                __malloc_lock
 .text.__malloc_unlock
                0x000000000800a3d8        0xc /Applications/STM32CubeIDE.app/Contents/Eclipse/plugins/com.st.stm32cube.ide.mcu.externaltools.gnu-tools-for-stm32.10.3-2021.10.macos64_1.0.200.202301161003/tools/bin/../lib/gcc/arm-none-eabi/10.3.1/../../../../arm-none-eabi/lib/thumb/v7e-m+dp/hard/libc_nano.a(lib_a-mlock.o)
                0x000000000800a3d8                __malloc_unlock
 .text._malloc_usable_size_r
                0x000000000800a3e4       0x10 /Applications/STM32CubeIDE.app/Contents/Eclipse/plugins/com.st.stm32cube.ide.mcu.externaltools.gnu-tools-for-stm32.10.3-2021.10.macos64_1.0.200.202301161003/tools/bin/../lib/gcc/arm-none-eabi/10.3.1/../../../../arm-none-eabi/lib/thumb/v7e-m+dp/hard/libc_nano.a(lib_a-nano-msizer.o)
                0x000000000800a3e4                _malloc_usable_size_r
 .text.__retarget_lock_acquire_recursive
                0x000000000800a3f4        0x2 /Applications/STM32CubeIDE.app/Contents/Eclipse/plugins/com.st.stm32cube.ide.mcu.externaltools.gnu-tools-for-stm32.10.3-2021.10.macos64_1.0.200.202301161003/tools/bin/../lib/gcc/arm-none-eabi/10.3.1/../../../../arm-none-eabi/lib/thumb/v7e-m+dp/hard/libc_nano.a(lib_a-lock.o)
                0x000000000800a3f4                __retarget_lock_acquire_recursive
 .text.__retarget_lock_release_recursive
                0x000000000800a3f6        0x2 /Applications/STM32CubeIDE.app/Contents/Eclipse/plugins/com.st.stm32cube.ide.mcu.externaltools.gnu-tools-for-stm32.10.3-2021.10.macos64_1.0.200.202301161003/tools/bin/../lib/gcc/arm-none-eabi/10.3.1/../../../../arm-none-eabi/lib/thumb/v7e-m+dp/hard/libc_nano.a(lib_a-lock.o)
                0x000000000800a3f6                __retarget_lock_release_recursive
 *(.glue_7)
 .glue_7        0x000000000800a3f8        0x0 linker stubs
 *(.glue_7t)
 .glue_7t       0x000000000800a3f8        0x0 linker stubs
 *(.eh_frame)
 .eh_frame      0x000000000800a3f8        0x0 /Applications/STM32CubeIDE.app/Contents/Eclipse/plugins/com.st.stm32cube.ide.mcu.externaltools.gnu-tools-for-stm32.10.3-2021.10.macos64_1.0.200.202301161003/tools/bin/../lib/gcc/arm-none-eabi/10.3.1/thumb/v7e-m+dp/hard/crtbegin.o
 *(.init)
 .init          0x000000000800a3f8        0x4 /Applications/STM32CubeIDE.app/Contents/Eclipse/plugins/com.st.stm32cube.ide.mcu.externaltools.gnu-tools-for-stm32.10.3-2021.10.macos64_1.0.200.202301161003/tools/bin/../lib/gcc/arm-none-eabi/10.3.1/thumb/v7e-m+dp/hard/crti.o
                0x000000000800a3f8                _init
 .init          0x000000000800a3fc        0x8 /Applications/STM32CubeIDE.app/Contents/Eclipse/plugins/com.st.stm32cube.ide.mcu.externaltools.gnu-tools-for-stm32.10.3-2021.10.macos64_1.0.200.202301161003/tools/bin/../lib/gcc/arm-none-eabi/10.3.1/thumb/v7e-m+dp/hard/crtn.o
 *(.fini)
 .fini          0x000000000800a404        0x4 /Applications/STM32CubeIDE.app/Contents/Eclipse/plugins/com.st.stm32cube.ide.mcu.externaltools.gnu-tools-for-stm32.10.3-2021.10.macos64_1.0.200.202301161003/tools/bin/../lib/gcc/arm-none-eabi/10.3.1/thumb/v7e-m+dp/hard/crti.o
                0x000000000800a404                _fini
 .fini          0x000000000800a408        0x8 /Applications/STM32CubeIDE.app/Contents/Eclipse/plugins/com.st.stm32cube.ide.mcu.externaltools.gnu-tools-for-stm32.10.3-2021.10.macos64_1.0.200.202301161003/tools/bin/../lib/gcc/arm-none-eabi/10.3.1/thumb/v7e-m+dp/hard/crtn.o
                0x000000000800a410                . = ALIGN (0x4)
                0x000000000800a410                _etext = .

.vfp11_veneer   0x000000000800a410        0x0
 .vfp11_veneer  0x000000000800a410        0x0 linker stubs

.v4_bx          0x000000000800a410        0x0
 .v4_bx         0x000000000800a410        0x0 linker stubs

.iplt           0x000000000800a410        0x0
 .iplt          0x000000000800a410        0x0 /Applications/STM32CubeIDE.app/Contents/Eclipse/plugins/com.st.stm32cube.ide.mcu.externaltools.gnu-tools-for-stm32.10.3-2021.10.macos64_1.0.200.202301161003/tools/bin/../lib/gcc/arm-none-eabi/10.3.1/thumb/v7e-m+dp/hard/crtbegin.o

.rodata         0x000000000800a410      0x100
                0x000000000800a410                . = ALIGN (0x4)
 *(.rodata)
 .rodata        0x000000000800a410       0x78 ./Core/Src/RPICom.o
 .rodata        0x000000000800a488       0x1c ./Core/Src/main.o
 *(.rodata*)
 .rodata.D1CorePrescTable
                0x000000000800a4a4       0x10 ./Core/Src/system_stm32h7xx.o
                0x000000000800a4a4                D1CorePrescTable
 .rodata.UARTPrescTable
                0x000000000800a4b4       0x18 ./Drivers/STM32H7xx_HAL_Driver/Src/stm32h7xx_hal_uart.o
                0x000000000800a4b4                UARTPrescTable
 .rodata.numerator.1
                0x000000000800a4cc        0x8 ./Drivers/STM32H7xx_HAL_Driver/Src/stm32h7xx_hal_uart_ex.o
 .rodata.denominator.0
                0x000000000800a4d4        0x8 ./Drivers/STM32H7xx_HAL_Driver/Src/stm32h7xx_hal_uart_ex.o
 .rodata._svfprintf_r.str1.1
                0x000000000800a4dc       0x11 /Applications/STM32CubeIDE.app/Contents/Eclipse/plugins/com.st.stm32cube.ide.mcu.externaltools.gnu-tools-for-stm32.10.3-2021.10.macos64_1.0.200.202301161003/tools/bin/../lib/gcc/arm-none-eabi/10.3.1/../../../../arm-none-eabi/lib/thumb/v7e-m+dp/hard/libc_nano.a(lib_a-nano-svfprintf.o)
 .rodata._printf_i.str1.1
                0x000000000800a4ed       0x22 /Applications/STM32CubeIDE.app/Contents/Eclipse/plugins/com.st.stm32cube.ide.mcu.externaltools.gnu-tools-for-stm32.10.3-2021.10.macos64_1.0.200.202301161003/tools/bin/../lib/gcc/arm-none-eabi/10.3.1/../../../../arm-none-eabi/lib/thumb/v7e-m+dp/hard/libc_nano.a(lib_a-nano-vfprintf_i.o)
                0x000000000800a510                . = ALIGN (0x4)
 *fill*         0x000000000800a50f        0x1 

.ARM.extab
 *(.ARM.extab* .gnu.linkonce.armextab.*)

.ARM            0x000000000800a510        0x8
                0x000000000800a510                __exidx_start = .
 *(.ARM.exidx*)
 .ARM.exidx     0x000000000800a510        0x8 /Applications/STM32CubeIDE.app/Contents/Eclipse/plugins/com.st.stm32cube.ide.mcu.externaltools.gnu-tools-for-stm32.10.3-2021.10.macos64_1.0.200.202301161003/tools/bin/../lib/gcc/arm-none-eabi/10.3.1/thumb/v7e-m+dp/hard/libgcc.a(_udivmoddi4.o)
                0x000000000800a518                __exidx_end = .

.rel.dyn        0x000000000800a518        0x0
 .rel.iplt      0x000000000800a518        0x0 /Applications/STM32CubeIDE.app/Contents/Eclipse/plugins/com.st.stm32cube.ide.mcu.externaltools.gnu-tools-for-stm32.10.3-2021.10.macos64_1.0.200.202301161003/tools/bin/../lib/gcc/arm-none-eabi/10.3.1/thumb/v7e-m+dp/hard/crtbegin.o

.preinit_array  0x000000000800a518        0x0
                0x000000000800a518                PROVIDE (__preinit_array_start = .)
 *(.preinit_array*)
                0x000000000800a518                PROVIDE (__preinit_array_end = .)

.init_array     0x000000000800a518        0x4
                0x000000000800a518                PROVIDE (__init_array_start = .)
 *(SORT_BY_NAME(.init_array.*))
 *(.init_array*)
 .init_array    0x000000000800a518        0x4 /Applications/STM32CubeIDE.app/Contents/Eclipse/plugins/com.st.stm32cube.ide.mcu.externaltools.gnu-tools-for-stm32.10.3-2021.10.macos64_1.0.200.202301161003/tools/bin/../lib/gcc/arm-none-eabi/10.3.1/thumb/v7e-m+dp/hard/crtbegin.o
                0x000000000800a51c                PROVIDE (__init_array_end = .)

.fini_array     0x000000000800a51c        0x4
                [!provide]                        PROVIDE (__fini_array_start = .)
 *(SORT_BY_NAME(.fini_array.*))
 *(.fini_array*)
 .fini_array    0x000000000800a51c        0x4 /Applications/STM32CubeIDE.app/Contents/Eclipse/plugins/com.st.stm32cube.ide.mcu.externaltools.gnu-tools-for-stm32.10.3-2021.10.macos64_1.0.200.202301161003/tools/bin/../lib/gcc/arm-none-eabi/10.3.1/thumb/v7e-m+dp/hard/crtbegin.o
                [!provide]                        PROVIDE (__fini_array_end = .)
                0x000000000800a520                _sidata = LOADADDR (.data)

.data           0x0000000024000000       0x84 load address 0x000000000800a520
                0x0000000024000000                . = ALIGN (0x4)
                0x0000000024000000                _sdata = .
 *(.data)
 *(.data*)
 .data.TIM_PROP_G
                0x0000000024000000        0x8 ./Core/Src/Process.o
                0x0000000024000000                TIM_PROP_G
 .data.TIM_PROP_D
                0x0000000024000008        0x8 ./Core/Src/Process.o
                0x0000000024000008                TIM_PROP_D
 .data.SystemCoreClock
                0x0000000024000010        0x4 ./Core/Src/system_stm32h7xx.o
                0x0000000024000010                SystemCoreClock
 .data.SystemD2Clock
                0x0000000024000014        0x4 ./Core/Src/system_stm32h7xx.o
                0x0000000024000014                SystemD2Clock
 .data.uwTickPrio
                0x0000000024000018        0x4 ./Drivers/STM32H7xx_HAL_Driver/Src/stm32h7xx_hal.o
                0x0000000024000018                uwTickPrio
 .data.uwTickFreq
                0x000000002400001c        0x1 ./Drivers/STM32H7xx_HAL_Driver/Src/stm32h7xx_hal.o
                0x000000002400001c                uwTickFreq
 *fill*         0x000000002400001d        0x3 
 .data._impure_ptr
                0x0000000024000020        0x4 /Applications/STM32CubeIDE.app/Contents/Eclipse/plugins/com.st.stm32cube.ide.mcu.externaltools.gnu-tools-for-stm32.10.3-2021.10.macos64_1.0.200.202301161003/tools/bin/../lib/gcc/arm-none-eabi/10.3.1/../../../../arm-none-eabi/lib/thumb/v7e-m+dp/hard/libc_nano.a(lib_a-impure.o)
                0x0000000024000020                _impure_ptr
 .data.impure_data
                0x0000000024000024       0x60 /Applications/STM32CubeIDE.app/Contents/Eclipse/plugins/com.st.stm32cube.ide.mcu.externaltools.gnu-tools-for-stm32.10.3-2021.10.macos64_1.0.200.202301161003/tools/bin/../lib/gcc/arm-none-eabi/10.3.1/../../../../arm-none-eabi/lib/thumb/v7e-m+dp/hard/libc_nano.a(lib_a-impure.o)
 *(.RamFunc)
 *(.RamFunc*)
                0x0000000024000084                . = ALIGN (0x4)
                0x0000000024000084                _edata = .

.igot.plt       0x0000000024000084        0x0 load address 0x000000000800a5a4
 .igot.plt      0x0000000024000084        0x0 /Applications/STM32CubeIDE.app/Contents/Eclipse/plugins/com.st.stm32cube.ide.mcu.externaltools.gnu-tools-for-stm32.10.3-2021.10.macos64_1.0.200.202301161003/tools/bin/../lib/gcc/arm-none-eabi/10.3.1/thumb/v7e-m+dp/hard/crtbegin.o
                0x0000000024000084                . = ALIGN (0x4)

.bss            0x0000000024000084      0x28c load address 0x000000000800a5a4
                0x0000000024000084                _sbss = .
                0x0000000024000084                __bss_start__ = _sbss
 *(.bss)
 .bss           0x0000000024000084       0x1c /Applications/STM32CubeIDE.app/Contents/Eclipse/plugins/com.st.stm32cube.ide.mcu.externaltools.gnu-tools-for-stm32.10.3-2021.10.macos64_1.0.200.202301161003/tools/bin/../lib/gcc/arm-none-eabi/10.3.1/thumb/v7e-m+dp/hard/crtbegin.o
 *(.bss*)
 .bss.hRPICom   0x00000000240000a0       0x98 ./Core/Src/RPICom.o
                0x00000000240000a0                hRPICom
 .bss.__sbrk_heap_end
                0x0000000024000138        0x4 ./Core/Src/sysmem.o
 .bss.htim2     0x000000002400013c       0x4c ./Core/Src/tim.o
                0x000000002400013c                htim2
 .bss.htim3     0x0000000024000188       0x4c ./Core/Src/tim.o
                0x0000000024000188                htim3
 .bss.huart4    0x00000000240001d4       0x94 ./Core/Src/usart.o
                0x00000000240001d4                huart4
 .bss.huart3    0x0000000024000268       0x94 ./Core/Src/usart.o
                0x0000000024000268                huart3
 .bss.uwTick    0x00000000240002fc        0x4 ./Drivers/STM32H7xx_HAL_Driver/Src/stm32h7xx_hal.o
                0x00000000240002fc                uwTick
 .bss.__malloc_free_list
                0x0000000024000300        0x4 /Applications/STM32CubeIDE.app/Contents/Eclipse/plugins/com.st.stm32cube.ide.mcu.externaltools.gnu-tools-for-stm32.10.3-2021.10.macos64_1.0.200.202301161003/tools/bin/../lib/gcc/arm-none-eabi/10.3.1/../../../../arm-none-eabi/lib/thumb/v7e-m+dp/hard/libc_nano.a(lib_a-nano-mallocr.o)
                0x0000000024000300                __malloc_free_list
 .bss.__malloc_sbrk_start
                0x0000000024000304        0x4 /Applications/STM32CubeIDE.app/Contents/Eclipse/plugins/com.st.stm32cube.ide.mcu.externaltools.gnu-tools-for-stm32.10.3-2021.10.macos64_1.0.200.202301161003/tools/bin/../lib/gcc/arm-none-eabi/10.3.1/../../../../arm-none-eabi/lib/thumb/v7e-m+dp/hard/libc_nano.a(lib_a-nano-mallocr.o)
                0x0000000024000304                __malloc_sbrk_start
 .bss.errno     0x0000000024000308        0x4 /Applications/STM32CubeIDE.app/Contents/Eclipse/plugins/com.st.stm32cube.ide.mcu.externaltools.gnu-tools-for-stm32.10.3-2021.10.macos64_1.0.200.202301161003/tools/bin/../lib/gcc/arm-none-eabi/10.3.1/../../../../arm-none-eabi/lib/thumb/v7e-m+dp/hard/libc_nano.a(lib_a-reent.o)
                0x0000000024000308                errno
 .bss.__lock___malloc_recursive_mutex
                0x000000002400030c        0x1 /Applications/STM32CubeIDE.app/Contents/Eclipse/plugins/com.st.stm32cube.ide.mcu.externaltools.gnu-tools-for-stm32.10.3-2021.10.macos64_1.0.200.202301161003/tools/bin/../lib/gcc/arm-none-eabi/10.3.1/../../../../arm-none-eabi/lib/thumb/v7e-m+dp/hard/libc_nano.a(lib_a-lock.o)
                0x000000002400030c                __lock___malloc_recursive_mutex
 *(COMMON)
                0x0000000024000310                . = ALIGN (0x4)
 *fill*         0x000000002400030d        0x3 
                0x0000000024000310                _ebss = .
                0x0000000024000310                __bss_end__ = _ebss

._user_heap_stack
                0x0000000024000310      0x600 load address 0x000000000800a5a4
                0x0000000024000310                . = ALIGN (0x8)
                [!provide]                        PROVIDE (end = .)
                0x0000000024000310                PROVIDE (_end = .)
                0x0000000024000510                . = (. + _Min_Heap_Size)
 *fill*         0x0000000024000310      0x200 
                0x0000000024000910                . = (. + _Min_Stack_Size)
 *fill*         0x0000000024000510      0x400 
                0x0000000024000910                . = ALIGN (0x8)

/DISCARD/
 libc.a(*)
 libm.a(*)
 libgcc.a(*)

.ARM.attributes
                0x0000000000000000       0x2e
 *(.ARM.attributes)
 .ARM.attributes
                0x0000000000000000       0x1e /Applications/STM32CubeIDE.app/Contents/Eclipse/plugins/com.st.stm32cube.ide.mcu.externaltools.gnu-tools-for-stm32.10.3-2021.10.macos64_1.0.200.202301161003/tools/bin/../lib/gcc/arm-none-eabi/10.3.1/thumb/v7e-m+dp/hard/crti.o
 .ARM.attributes
                0x000000000000001e       0x32 /Applications/STM32CubeIDE.app/Contents/Eclipse/plugins/com.st.stm32cube.ide.mcu.externaltools.gnu-tools-for-stm32.10.3-2021.10.macos64_1.0.200.202301161003/tools/bin/../lib/gcc/arm-none-eabi/10.3.1/thumb/v7e-m+dp/hard/crtbegin.o
 .ARM.attributes
                0x0000000000000050       0x32 ./Core/Src/Process.o
 .ARM.attributes
                0x0000000000000082       0x32 ./Core/Src/RPICom.o
 .ARM.attributes
                0x00000000000000b4       0x32 ./Core/Src/gpio.o
 .ARM.attributes
                0x00000000000000e6       0x32 ./Core/Src/main.o
 .ARM.attributes
                0x0000000000000118       0x32 ./Core/Src/stm32h7xx_hal_msp.o
 .ARM.attributes
                0x000000000000014a       0x32 ./Core/Src/stm32h7xx_it.o
 .ARM.attributes
                0x000000000000017c       0x32 ./Core/Src/sysmem.o
 .ARM.attributes
                0x00000000000001ae       0x32 ./Core/Src/system_stm32h7xx.o
 .ARM.attributes
                0x00000000000001e0       0x32 ./Core/Src/tim.o
 .ARM.attributes
                0x0000000000000212       0x32 ./Core/Src/usart.o
 .ARM.attributes
                0x0000000000000244       0x32 ./Core/Src/usb_otg.o
 .ARM.attributes
                0x0000000000000276       0x21 ./Core/Startup/startup_stm32h7a3zitxq.o
 .ARM.attributes
                0x0000000000000297       0x32 ./Drivers/STM32H7xx_HAL_Driver/Src/stm32h7xx_hal.o
 .ARM.attributes
                0x00000000000002c9       0x32 ./Drivers/STM32H7xx_HAL_Driver/Src/stm32h7xx_hal_cortex.o
 .ARM.attributes
                0x00000000000002fb       0x32 ./Drivers/STM32H7xx_HAL_Driver/Src/stm32h7xx_hal_dma.o
 .ARM.attributes
                0x000000000000032d       0x32 ./Drivers/STM32H7xx_HAL_Driver/Src/stm32h7xx_hal_gpio.o
 .ARM.attributes
                0x000000000000035f       0x32 ./Drivers/STM32H7xx_HAL_Driver/Src/stm32h7xx_hal_pwr_ex.o
 .ARM.attributes
                0x0000000000000391       0x32 ./Drivers/STM32H7xx_HAL_Driver/Src/stm32h7xx_hal_rcc.o
 .ARM.attributes
                0x00000000000003c3       0x32 ./Drivers/STM32H7xx_HAL_Driver/Src/stm32h7xx_hal_rcc_ex.o
 .ARM.attributes
                0x00000000000003f5       0x32 ./Drivers/STM32H7xx_HAL_Driver/Src/stm32h7xx_hal_tim.o
 .ARM.attributes
                0x0000000000000427       0x32 ./Drivers/STM32H7xx_HAL_Driver/Src/stm32h7xx_hal_tim_ex.o
 .ARM.attributes
                0x0000000000000459       0x32 ./Drivers/STM32H7xx_HAL_Driver/Src/stm32h7xx_hal_uart.o
 .ARM.attributes
                0x000000000000048b       0x32 ./Drivers/STM32H7xx_HAL_Driver/Src/stm32h7xx_hal_uart_ex.o
 .ARM.attributes
                0x00000000000004bd       0x32 /Applications/STM32CubeIDE.app/Contents/Eclipse/plugins/com.st.stm32cube.ide.mcu.externaltools.gnu-tools-for-stm32.10.3-2021.10.macos64_1.0.200.202301161003/tools/bin/../lib/gcc/arm-none-eabi/10.3.1/../../../../arm-none-eabi/lib/thumb/v7e-m+dp/hard/libc_nano.a(lib_a-errno.o)
 .ARM.attributes
                0x00000000000004ef       0x32 /Applications/STM32CubeIDE.app/Contents/Eclipse/plugins/com.st.stm32cube.ide.mcu.externaltools.gnu-tools-for-stm32.10.3-2021.10.macos64_1.0.200.202301161003/tools/bin/../lib/gcc/arm-none-eabi/10.3.1/../../../../arm-none-eabi/lib/thumb/v7e-m+dp/hard/libc_nano.a(lib_a-impure.o)
 .ARM.attributes
                0x0000000000000521       0x32 /Applications/STM32CubeIDE.app/Contents/Eclipse/plugins/com.st.stm32cube.ide.mcu.externaltools.gnu-tools-for-stm32.10.3-2021.10.macos64_1.0.200.202301161003/tools/bin/../lib/gcc/arm-none-eabi/10.3.1/../../../../arm-none-eabi/lib/thumb/v7e-m+dp/hard/libc_nano.a(lib_a-init.o)
 .ARM.attributes
                0x0000000000000553       0x32 /Applications/STM32CubeIDE.app/Contents/Eclipse/plugins/com.st.stm32cube.ide.mcu.externaltools.gnu-tools-for-stm32.10.3-2021.10.macos64_1.0.200.202301161003/tools/bin/../lib/gcc/arm-none-eabi/10.3.1/../../../../arm-none-eabi/lib/thumb/v7e-m+dp/hard/libc_nano.a(lib_a-memset.o)
 .ARM.attributes
                0x0000000000000585       0x32 /Applications/STM32CubeIDE.app/Contents/Eclipse/plugins/com.st.stm32cube.ide.mcu.externaltools.gnu-tools-for-stm32.10.3-2021.10.macos64_1.0.200.202301161003/tools/bin/../lib/gcc/arm-none-eabi/10.3.1/../../../../arm-none-eabi/lib/thumb/v7e-m+dp/hard/libc_nano.a(lib_a-snprintf.o)
 .ARM.attributes
                0x00000000000005b7       0x32 /Applications/STM32CubeIDE.app/Contents/Eclipse/plugins/com.st.stm32cube.ide.mcu.externaltools.gnu-tools-for-stm32.10.3-2021.10.macos64_1.0.200.202301161003/tools/bin/../lib/gcc/arm-none-eabi/10.3.1/../../../../arm-none-eabi/lib/thumb/v7e-m+dp/hard/libc_nano.a(lib_a-nano-svfprintf.o)
 .ARM.attributes
                0x00000000000005e9       0x32 /Applications/STM32CubeIDE.app/Contents/Eclipse/plugins/com.st.stm32cube.ide.mcu.externaltools.gnu-tools-for-stm32.10.3-2021.10.macos64_1.0.200.202301161003/tools/bin/../lib/gcc/arm-none-eabi/10.3.1/../../../../arm-none-eabi/lib/thumb/v7e-m+dp/hard/libc_nano.a(lib_a-nano-vfprintf_i.o)
 .ARM.attributes
                0x000000000000061b       0x1c /Applications/STM32CubeIDE.app/Contents/Eclipse/plugins/com.st.stm32cube.ide.mcu.externaltools.gnu-tools-for-stm32.10.3-2021.10.macos64_1.0.200.202301161003/tools/bin/../lib/gcc/arm-none-eabi/10.3.1/../../../../arm-none-eabi/lib/thumb/v7e-m+dp/hard/libc_nano.a(lib_a-memchr.o)
 .ARM.attributes
                0x0000000000000637       0x32 /Applications/STM32CubeIDE.app/Contents/Eclipse/plugins/com.st.stm32cube.ide.mcu.externaltools.gnu-tools-for-stm32.10.3-2021.10.macos64_1.0.200.202301161003/tools/bin/../lib/gcc/arm-none-eabi/10.3.1/../../../../arm-none-eabi/lib/thumb/v7e-m+dp/hard/libc_nano.a(lib_a-memcpy-stub.o)
 .ARM.attributes
                0x0000000000000669       0x32 /Applications/STM32CubeIDE.app/Contents/Eclipse/plugins/com.st.stm32cube.ide.mcu.externaltools.gnu-tools-for-stm32.10.3-2021.10.macos64_1.0.200.202301161003/tools/bin/../lib/gcc/arm-none-eabi/10.3.1/../../../../arm-none-eabi/lib/thumb/v7e-m+dp/hard/libc_nano.a(lib_a-memmove.o)
 .ARM.attributes
                0x000000000000069b       0x32 /Applications/STM32CubeIDE.app/Contents/Eclipse/plugins/com.st.stm32cube.ide.mcu.externaltools.gnu-tools-for-stm32.10.3-2021.10.macos64_1.0.200.202301161003/tools/bin/../lib/gcc/arm-none-eabi/10.3.1/../../../../arm-none-eabi/lib/thumb/v7e-m+dp/hard/libc_nano.a(lib_a-nano-freer.o)
 .ARM.attributes
                0x00000000000006cd       0x32 /Applications/STM32CubeIDE.app/Contents/Eclipse/plugins/com.st.stm32cube.ide.mcu.externaltools.gnu-tools-for-stm32.10.3-2021.10.macos64_1.0.200.202301161003/tools/bin/../lib/gcc/arm-none-eabi/10.3.1/../../../../arm-none-eabi/lib/thumb/v7e-m+dp/hard/libc_nano.a(lib_a-nano-mallocr.o)
 .ARM.attributes
                0x00000000000006ff       0x32 /Applications/STM32CubeIDE.app/Contents/Eclipse/plugins/com.st.stm32cube.ide.mcu.externaltools.gnu-tools-for-stm32.10.3-2021.10.macos64_1.0.200.202301161003/tools/bin/../lib/gcc/arm-none-eabi/10.3.1/../../../../arm-none-eabi/lib/thumb/v7e-m+dp/hard/libc_nano.a(lib_a-nano-reallocr.o)
 .ARM.attributes
                0x0000000000000731       0x32 /Applications/STM32CubeIDE.app/Contents/Eclipse/plugins/com.st.stm32cube.ide.mcu.externaltools.gnu-tools-for-stm32.10.3-2021.10.macos64_1.0.200.202301161003/tools/bin/../lib/gcc/arm-none-eabi/10.3.1/../../../../arm-none-eabi/lib/thumb/v7e-m+dp/hard/libc_nano.a(lib_a-sbrkr.o)
 .ARM.attributes
                0x0000000000000763       0x32 /Applications/STM32CubeIDE.app/Contents/Eclipse/plugins/com.st.stm32cube.ide.mcu.externaltools.gnu-tools-for-stm32.10.3-2021.10.macos64_1.0.200.202301161003/tools/bin/../lib/gcc/arm-none-eabi/10.3.1/../../../../arm-none-eabi/lib/thumb/v7e-m+dp/hard/libc_nano.a(lib_a-mlock.o)
 .ARM.attributes
                0x0000000000000795       0x32 /Applications/STM32CubeIDE.app/Contents/Eclipse/plugins/com.st.stm32cube.ide.mcu.externaltools.gnu-tools-for-stm32.10.3-2021.10.macos64_1.0.200.202301161003/tools/bin/../lib/gcc/arm-none-eabi/10.3.1/../../../../arm-none-eabi/lib/thumb/v7e-m+dp/hard/libc_nano.a(lib_a-nano-msizer.o)
 .ARM.attributes
                0x00000000000007c7       0x32 /Applications/STM32CubeIDE.app/Contents/Eclipse/plugins/com.st.stm32cube.ide.mcu.externaltools.gnu-tools-for-stm32.10.3-2021.10.macos64_1.0.200.202301161003/tools/bin/../lib/gcc/arm-none-eabi/10.3.1/../../../../arm-none-eabi/lib/thumb/v7e-m+dp/hard/libc_nano.a(lib_a-reent.o)
 .ARM.attributes
                0x00000000000007f9       0x32 /Applications/STM32CubeIDE.app/Contents/Eclipse/plugins/com.st.stm32cube.ide.mcu.externaltools.gnu-tools-for-stm32.10.3-2021.10.macos64_1.0.200.202301161003/tools/bin/../lib/gcc/arm-none-eabi/10.3.1/../../../../arm-none-eabi/lib/thumb/v7e-m+dp/hard/libc_nano.a(lib_a-lock.o)
 .ARM.attributes
                0x000000000000082b       0x1e /Applications/STM32CubeIDE.app/Contents/Eclipse/plugins/com.st.stm32cube.ide.mcu.externaltools.gnu-tools-for-stm32.10.3-2021.10.macos64_1.0.200.202301161003/tools/bin/../lib/gcc/arm-none-eabi/10.3.1/thumb/v7e-m+dp/hard/libgcc.a(_aeabi_uldivmod.o)
 .ARM.attributes
                0x0000000000000849       0x32 /Applications/STM32CubeIDE.app/Contents/Eclipse/plugins/com.st.stm32cube.ide.mcu.externaltools.gnu-tools-for-stm32.10.3-2021.10.macos64_1.0.200.202301161003/tools/bin/../lib/gcc/arm-none-eabi/10.3.1/thumb/v7e-m+dp/hard/libgcc.a(_udivmoddi4.o)
 .ARM.attributes
                0x000000000000087b       0x1e /Applications/STM32CubeIDE.app/Contents/Eclipse/plugins/com.st.stm32cube.ide.mcu.externaltools.gnu-tools-for-stm32.10.3-2021.10.macos64_1.0.200.202301161003/tools/bin/../lib/gcc/arm-none-eabi/10.3.1/thumb/v7e-m+dp/hard/libgcc.a(_dvmd_tls.o)
 .ARM.attributes
                0x0000000000000899       0x1e /Applications/STM32CubeIDE.app/Contents/Eclipse/plugins/com.st.stm32cube.ide.mcu.externaltools.gnu-tools-for-stm32.10.3-2021.10.macos64_1.0.200.202301161003/tools/bin/../lib/gcc/arm-none-eabi/10.3.1/thumb/v7e-m+dp/hard/crtn.o
OUTPUT(RECEPTION_UART_H7A3ZIQ.elf elf32-littlearm)
LOAD linker stubs
LOAD /Applications/STM32CubeIDE.app/Contents/Eclipse/plugins/com.st.stm32cube.ide.mcu.externaltools.gnu-tools-for-stm32.10.3-2021.10.macos64_1.0.200.202301161003/tools/bin/../lib/gcc/arm-none-eabi/10.3.1/../../../../arm-none-eabi/lib/thumb/v7e-m+dp/hard/libc.a
LOAD /Applications/STM32CubeIDE.app/Contents/Eclipse/plugins/com.st.stm32cube.ide.mcu.externaltools.gnu-tools-for-stm32.10.3-2021.10.macos64_1.0.200.202301161003/tools/bin/../lib/gcc/arm-none-eabi/10.3.1/../../../../arm-none-eabi/lib/thumb/v7e-m+dp/hard/libm.a
LOAD /Applications/STM32CubeIDE.app/Contents/Eclipse/plugins/com.st.stm32cube.ide.mcu.externaltools.gnu-tools-for-stm32.10.3-2021.10.macos64_1.0.200.202301161003/tools/bin/../lib/gcc/arm-none-eabi/10.3.1/thumb/v7e-m+dp/hard/libgcc.a

.debug_info     0x0000000000000000    0x18d69
 .debug_info    0x0000000000000000      0x9aa ./Core/Src/Process.o
 .debug_info    0x00000000000009aa      0xb4b ./Core/Src/RPICom.o
 .debug_info    0x00000000000014f5      0x73f ./Core/Src/gpio.o
 .debug_info    0x0000000000001c34     0x1082 ./Core/Src/main.o
 .debug_info    0x0000000000002cb6      0x4cc ./Core/Src/stm32h7xx_hal_msp.o
 .debug_info    0x0000000000003182      0xc87 ./Core/Src/stm32h7xx_it.o
 .debug_info    0x0000000000003e09      0x171 ./Core/Src/sysmem.o
 .debug_info    0x0000000000003f7a      0xc8a ./Core/Src/system_stm32h7xx.o
 .debug_info    0x0000000000004c04     0x13e1 ./Core/Src/tim.o
 .debug_info    0x0000000000005fe5     0x16a6 ./Core/Src/usart.o
 .debug_info    0x000000000000768b       0x9e ./Core/Src/usb_otg.o
 .debug_info    0x0000000000007729       0x22 ./Core/Startup/startup_stm32h7a3zitxq.o
 .debug_info    0x000000000000774b     0x1476 ./Drivers/STM32H7xx_HAL_Driver/Src/stm32h7xx_hal.o
 .debug_info    0x0000000000008bc1     0x114f ./Drivers/STM32H7xx_HAL_Driver/Src/stm32h7xx_hal_cortex.o
 .debug_info    0x0000000000009d10      0xc06 ./Drivers/STM32H7xx_HAL_Driver/Src/stm32h7xx_hal_dma.o
 .debug_info    0x000000000000a916      0xbe7 ./Drivers/STM32H7xx_HAL_Driver/Src/stm32h7xx_hal_gpio.o
 .debug_info    0x000000000000b4fd      0xfba ./Drivers/STM32H7xx_HAL_Driver/Src/stm32h7xx_hal_pwr_ex.o
 .debug_info    0x000000000000c4b7      0xf8f ./Drivers/STM32H7xx_HAL_Driver/Src/stm32h7xx_hal_rcc.o
 .debug_info    0x000000000000d446     0x12c9 ./Drivers/STM32H7xx_HAL_Driver/Src/stm32h7xx_hal_rcc_ex.o
 .debug_info    0x000000000000e70f     0x2e05 ./Drivers/STM32H7xx_HAL_Driver/Src/stm32h7xx_hal_tim.o
 .debug_info    0x0000000000011514     0x1a09 ./Drivers/STM32H7xx_HAL_Driver/Src/stm32h7xx_hal_tim_ex.o
 .debug_info    0x0000000000012f1d     0x4df2 ./Drivers/STM32H7xx_HAL_Driver/Src/stm32h7xx_hal_uart.o
 .debug_info    0x0000000000017d0f     0x105a ./Drivers/STM32H7xx_HAL_Driver/Src/stm32h7xx_hal_uart_ex.o

.debug_abbrev   0x0000000000000000     0x2dd0
 .debug_abbrev  0x0000000000000000      0x1ec ./Core/Src/Process.o
 .debug_abbrev  0x00000000000001ec      0x1ff ./Core/Src/RPICom.o
 .debug_abbrev  0x00000000000003eb      0x18c ./Core/Src/gpio.o
 .debug_abbrev  0x0000000000000577      0x257 ./Core/Src/main.o
 .debug_abbrev  0x00000000000007ce       0xeb ./Core/Src/stm32h7xx_hal_msp.o
 .debug_abbrev  0x00000000000008b9      0x1d4 ./Core/Src/stm32h7xx_it.o
 .debug_abbrev  0x0000000000000a8d       0xbb ./Core/Src/sysmem.o
 .debug_abbrev  0x0000000000000b48      0x147 ./Core/Src/system_stm32h7xx.o
 .debug_abbrev  0x0000000000000c8f      0x249 ./Core/Src/tim.o
 .debug_abbrev  0x0000000000000ed8      0x24d ./Core/Src/usart.o
 .debug_abbrev  0x0000000000001125       0x47 ./Core/Src/usb_otg.o
 .debug_abbrev  0x000000000000116c       0x12 ./Core/Startup/startup_stm32h7a3zitxq.o
 .debug_abbrev  0x000000000000117e      0x289 ./Drivers/STM32H7xx_HAL_Driver/Src/stm32h7xx_hal.o
 .debug_abbrev  0x0000000000001407      0x329 ./Drivers/STM32H7xx_HAL_Driver/Src/stm32h7xx_hal_cortex.o
 .debug_abbrev  0x0000000000001730      0x239 ./Drivers/STM32H7xx_HAL_Driver/Src/stm32h7xx_hal_dma.o
 .debug_abbrev  0x0000000000001969      0x1ec ./Drivers/STM32H7xx_HAL_Driver/Src/stm32h7xx_hal_gpio.o
 .debug_abbrev  0x0000000000001b55      0x27e ./Drivers/STM32H7xx_HAL_Driver/Src/stm32h7xx_hal_pwr_ex.o
 .debug_abbrev  0x0000000000001dd3      0x2b8 ./Drivers/STM32H7xx_HAL_Driver/Src/stm32h7xx_hal_rcc.o
 .debug_abbrev  0x000000000000208b      0x26d ./Drivers/STM32H7xx_HAL_Driver/Src/stm32h7xx_hal_rcc_ex.o
 .debug_abbrev  0x00000000000022f8      0x264 ./Drivers/STM32H7xx_HAL_Driver/Src/stm32h7xx_hal_tim.o
 .debug_abbrev  0x000000000000255c      0x281 ./Drivers/STM32H7xx_HAL_Driver/Src/stm32h7xx_hal_tim_ex.o
 .debug_abbrev  0x00000000000027dd      0x336 ./Drivers/STM32H7xx_HAL_Driver/Src/stm32h7xx_hal_uart.o
 .debug_abbrev  0x0000000000002b13      0x2bd ./Drivers/STM32H7xx_HAL_Driver/Src/stm32h7xx_hal_uart_ex.o

.debug_aranges  0x0000000000000000     0x1198
 .debug_aranges
                0x0000000000000000       0x40 ./Core/Src/Process.o
 .debug_aranges
                0x0000000000000040       0x48 ./Core/Src/RPICom.o
 .debug_aranges
                0x0000000000000088       0x20 ./Core/Src/gpio.o
 .debug_aranges
                0x00000000000000a8       0x30 ./Core/Src/main.o
 .debug_aranges
                0x00000000000000d8       0x20 ./Core/Src/stm32h7xx_hal_msp.o
 .debug_aranges
                0x00000000000000f8       0x70 ./Core/Src/stm32h7xx_it.o
 .debug_aranges
                0x0000000000000168       0x20 ./Core/Src/sysmem.o
 .debug_aranges
                0x0000000000000188       0x28 ./Core/Src/system_stm32h7xx.o
 .debug_aranges
                0x00000000000001b0       0x40 ./Core/Src/tim.o
 .debug_aranges
                0x00000000000001f0       0x40 ./Core/Src/usart.o
 .debug_aranges
                0x0000000000000230       0x20 ./Core/Src/usb_otg.o
 .debug_aranges
                0x0000000000000250       0x28 ./Core/Startup/startup_stm32h7a3zitxq.o
 .debug_aranges
                0x0000000000000278      0x1a0 ./Drivers/STM32H7xx_HAL_Driver/Src/stm32h7xx_hal.o
 .debug_aranges
                0x0000000000000418      0x120 ./Drivers/STM32H7xx_HAL_Driver/Src/stm32h7xx_hal_cortex.o
 .debug_aranges
                0x0000000000000538       0xa0 ./Drivers/STM32H7xx_HAL_Driver/Src/stm32h7xx_hal_dma.o
 .debug_aranges
                0x00000000000005d8       0x58 ./Drivers/STM32H7xx_HAL_Driver/Src/stm32h7xx_hal_gpio.o
 .debug_aranges
                0x0000000000000630      0x188 ./Drivers/STM32H7xx_HAL_Driver/Src/stm32h7xx_hal_pwr_ex.o
 .debug_aranges
                0x00000000000007b8       0x88 ./Drivers/STM32H7xx_HAL_Driver/Src/stm32h7xx_hal_rcc.o
 .debug_aranges
                0x0000000000000840       0xf0 ./Drivers/STM32H7xx_HAL_Driver/Src/stm32h7xx_hal_rcc_ex.o
 .debug_aranges
                0x0000000000000930      0x3e0 ./Drivers/STM32H7xx_HAL_Driver/Src/stm32h7xx_hal_tim.o
 .debug_aranges
                0x0000000000000d10      0x198 ./Drivers/STM32H7xx_HAL_Driver/Src/stm32h7xx_hal_tim_ex.o
 .debug_aranges
                0x0000000000000ea8      0x248 ./Drivers/STM32H7xx_HAL_Driver/Src/stm32h7xx_hal_uart.o
 .debug_aranges
                0x00000000000010f0       0xa8 ./Drivers/STM32H7xx_HAL_Driver/Src/stm32h7xx_hal_uart_ex.o

.debug_ranges   0x0000000000000000     0x1060
 .debug_ranges  0x0000000000000000       0x30 ./Core/Src/Process.o
 .debug_ranges  0x0000000000000030       0x38 ./Core/Src/RPICom.o
 .debug_ranges  0x0000000000000068       0x10 ./Core/Src/gpio.o
 .debug_ranges  0x0000000000000078       0x20 ./Core/Src/main.o
 .debug_ranges  0x0000000000000098       0x10 ./Core/Src/stm32h7xx_hal_msp.o
 .debug_ranges  0x00000000000000a8       0x60 ./Core/Src/stm32h7xx_it.o
 .debug_ranges  0x0000000000000108       0x10 ./Core/Src/sysmem.o
 .debug_ranges  0x0000000000000118       0x18 ./Core/Src/system_stm32h7xx.o
 .debug_ranges  0x0000000000000130       0x30 ./Core/Src/tim.o
 .debug_ranges  0x0000000000000160       0x30 ./Core/Src/usart.o
 .debug_ranges  0x0000000000000190       0x10 ./Core/Src/usb_otg.o
 .debug_ranges  0x00000000000001a0       0x20 ./Core/Startup/startup_stm32h7a3zitxq.o
 .debug_ranges  0x00000000000001c0      0x190 ./Drivers/STM32H7xx_HAL_Driver/Src/stm32h7xx_hal.o
 .debug_ranges  0x0000000000000350      0x110 ./Drivers/STM32H7xx_HAL_Driver/Src/stm32h7xx_hal_cortex.o
 .debug_ranges  0x0000000000000460       0x90 ./Drivers/STM32H7xx_HAL_Driver/Src/stm32h7xx_hal_dma.o
 .debug_ranges  0x00000000000004f0       0x48 ./Drivers/STM32H7xx_HAL_Driver/Src/stm32h7xx_hal_gpio.o
 .debug_ranges  0x0000000000000538      0x178 ./Drivers/STM32H7xx_HAL_Driver/Src/stm32h7xx_hal_pwr_ex.o
 .debug_ranges  0x00000000000006b0       0x78 ./Drivers/STM32H7xx_HAL_Driver/Src/stm32h7xx_hal_rcc.o
 .debug_ranges  0x0000000000000728       0xe0 ./Drivers/STM32H7xx_HAL_Driver/Src/stm32h7xx_hal_rcc_ex.o
 .debug_ranges  0x0000000000000808      0x3d0 ./Drivers/STM32H7xx_HAL_Driver/Src/stm32h7xx_hal_tim.o
 .debug_ranges  0x0000000000000bd8      0x188 ./Drivers/STM32H7xx_HAL_Driver/Src/stm32h7xx_hal_tim_ex.o
 .debug_ranges  0x0000000000000d60      0x268 ./Drivers/STM32H7xx_HAL_Driver/Src/stm32h7xx_hal_uart.o
 .debug_ranges  0x0000000000000fc8       0x98 ./Drivers/STM32H7xx_HAL_Driver/Src/stm32h7xx_hal_uart_ex.o

.debug_macro    0x0000000000000000    0x32201
 .debug_macro   0x0000000000000000      0x3e2 ./Core/Src/Process.o
 .debug_macro   0x00000000000003e2      0xa90 ./Core/Src/Process.o
 .debug_macro   0x0000000000000e72      0x238 ./Core/Src/Process.o
 .debug_macro   0x00000000000010aa       0x2e ./Core/Src/Process.o
 .debug_macro   0x00000000000010d8       0x42 ./Core/Src/Process.o
 .debug_macro   0x000000000000111a       0x22 ./Core/Src/Process.o
 .debug_macro   0x000000000000113c       0x8e ./Core/Src/Process.o
 .debug_macro   0x00000000000011ca       0x51 ./Core/Src/Process.o
 .debug_macro   0x000000000000121b      0x103 ./Core/Src/Process.o
 .debug_macro   0x000000000000131e       0x6a ./Core/Src/Process.o
 .debug_macro   0x0000000000001388      0x1df ./Core/Src/Process.o
 .debug_macro   0x0000000000001567       0x1c ./Core/Src/Process.o
 .debug_macro   0x0000000000001583       0x22 ./Core/Src/Process.o
 .debug_macro   0x00000000000015a5       0xfb ./Core/Src/Process.o
 .debug_macro   0x00000000000016a0     0x1305 ./Core/Src/Process.o
 .debug_macro   0x00000000000029a5      0x11f ./Core/Src/Process.o
 .debug_macro   0x0000000000002ac4       0x27 ./Core/Src/Process.o
 .debug_macro   0x0000000000002aeb    0x1e8d1 ./Core/Src/Process.o
 .debug_macro   0x00000000000213bc       0x6d ./Core/Src/Process.o
 .debug_macro   0x0000000000021429     0x3d64 ./Core/Src/Process.o
 .debug_macro   0x000000000002518d      0x174 ./Core/Src/Process.o
 .debug_macro   0x0000000000025301       0x52 ./Core/Src/Process.o
 .debug_macro   0x0000000000025353       0x1d ./Core/Src/Process.o
 .debug_macro   0x0000000000025370       0x3c ./Core/Src/Process.o
 .debug_macro   0x00000000000253ac       0x34 ./Core/Src/Process.o
 .debug_macro   0x00000000000253e0       0x16 ./Core/Src/Process.o
 .debug_macro   0x00000000000253f6       0x43 ./Core/Src/Process.o
 .debug_macro   0x0000000000025439       0x34 ./Core/Src/Process.o
 .debug_macro   0x000000000002546d       0x10 ./Core/Src/Process.o
 .debug_macro   0x000000000002547d       0x58 ./Core/Src/Process.o
 .debug_macro   0x00000000000254d5       0x71 ./Core/Src/Process.o
 .debug_macro   0x0000000000025546       0x1c ./Core/Src/Process.o
 .debug_macro   0x0000000000025562      0x12a ./Core/Src/Process.o
 .debug_macro   0x000000000002568c      0x341 ./Core/Src/Process.o
 .debug_macro   0x00000000000259cd      0x19b ./Core/Src/Process.o
 .debug_macro   0x0000000000025b68       0x5d ./Core/Src/Process.o
 .debug_macro   0x0000000000025bc5     0x24ee ./Core/Src/Process.o
 .debug_macro   0x00000000000280b3     0x103a ./Core/Src/Process.o
 .debug_macro   0x00000000000290ed      0x154 ./Core/Src/Process.o
 .debug_macro   0x0000000000029241      0x114 ./Core/Src/Process.o
 .debug_macro   0x0000000000029355      0x3bf ./Core/Src/Process.o
 .debug_macro   0x0000000000029714       0xac ./Core/Src/Process.o
 .debug_macro   0x00000000000297c0      0x70a ./Core/Src/Process.o
 .debug_macro   0x0000000000029eca      0x20c ./Core/Src/Process.o
 .debug_macro   0x000000000002a0d6       0x66 ./Core/Src/Process.o
 .debug_macro   0x000000000002a13c      0x3c9 ./Core/Src/Process.o
 .debug_macro   0x000000000002a505      0x3eb ./Core/Src/Process.o
 .debug_macro   0x000000000002a8f0      0x275 ./Core/Src/Process.o
 .debug_macro   0x000000000002ab65      0x6c8 ./Core/Src/Process.o
 .debug_macro   0x000000000002b22d      0x520 ./Core/Src/Process.o
 .debug_macro   0x000000000002b74d       0x58 ./Core/Src/Process.o
 .debug_macro   0x000000000002b7a5       0x4a ./Core/Src/Process.o
 .debug_macro   0x000000000002b7ef      0x22c ./Core/Src/Process.o
 .debug_macro   0x000000000002ba1b       0x67 ./Core/Src/Process.o
 .debug_macro   0x000000000002ba82       0xa5 ./Core/Src/Process.o
 .debug_macro   0x000000000002bb27      0x1bd ./Core/Src/Process.o
 .debug_macro   0x000000000002bce4      0x2dc ./Core/Src/Process.o
 .debug_macro   0x000000000002bfc0       0x35 ./Core/Src/Process.o
 .debug_macro   0x000000000002bff5      0xb1d ./Core/Src/Process.o
 .debug_macro   0x000000000002cb12      0x29f ./Core/Src/Process.o
 .debug_macro   0x000000000002cdb1      0x693 ./Core/Src/Process.o
 .debug_macro   0x000000000002d444       0xa6 ./Core/Src/Process.o
 .debug_macro   0x000000000002d4ea      0x5be ./Core/Src/Process.o
 .debug_macro   0x000000000002daa8       0x16 ./Core/Src/Process.o
 .debug_macro   0x000000000002dabe       0x35 ./Core/Src/Process.o
 .debug_macro   0x000000000002daf3       0x20 ./Core/Src/Process.o
 .debug_macro   0x000000000002db13       0x1c ./Core/Src/Process.o
 .debug_macro   0x000000000002db2f       0x10 ./Core/Src/Process.o
 .debug_macro   0x000000000002db3f       0x10 ./Core/Src/Process.o
 .debug_macro   0x000000000002db4f       0x1c ./Core/Src/Process.o
 .debug_macro   0x000000000002db6b       0x52 ./Core/Src/Process.o
 .debug_macro   0x000000000002dbbd       0x22 ./Core/Src/Process.o
 .debug_macro   0x000000000002dbdf       0x10 ./Core/Src/Process.o
 .debug_macro   0x000000000002dbef       0x52 ./Core/Src/Process.o
 .debug_macro   0x000000000002dc41       0xd5 ./Core/Src/Process.o
 .debug_macro   0x000000000002dd16       0x1c ./Core/Src/Process.o
 .debug_macro   0x000000000002dd32       0x3d ./Core/Src/Process.o
 .debug_macro   0x000000000002dd6f       0x16 ./Core/Src/Process.o
 .debug_macro   0x000000000002dd85      0x145 ./Core/Src/Process.o
 .debug_macro   0x000000000002deca       0xc4 ./Core/Src/Process.o
 .debug_macro   0x000000000002df8e       0x22 ./Core/Src/Process.o
 .debug_macro   0x000000000002dfb0       0x10 ./Core/Src/Process.o
 .debug_macro   0x000000000002dfc0      0x3c5 ./Core/Src/RPICom.o
 .debug_macro   0x000000000002e385      0x3b2 ./Core/Src/gpio.o
 .debug_macro   0x000000000002e737      0x3eb ./Core/Src/main.o
 .debug_macro   0x000000000002eb22      0x3a8 ./Core/Src/stm32h7xx_hal_msp.o
 .debug_macro   0x000000000002eeca      0x3b2 ./Core/Src/stm32h7xx_it.o
 .debug_macro   0x000000000002f27c       0xff ./Core/Src/sysmem.o
 .debug_macro   0x000000000002f37b      0x23b ./Core/Src/sysmem.o
 .debug_macro   0x000000000002f5b6      0x2a8 ./Core/Src/system_stm32h7xx.o
 .debug_macro   0x000000000002f85e      0x3b2 ./Core/Src/tim.o
 .debug_macro   0x000000000002fc10      0x3c9 ./Core/Src/usart.o
 .debug_macro   0x000000000002ffd9      0x3b2 ./Core/Src/usb_otg.o
 .debug_macro   0x000000000003038b      0x2d2 ./Drivers/STM32H7xx_HAL_Driver/Src/stm32h7xx_hal.o
 .debug_macro   0x000000000003065d      0x2a8 ./Drivers/STM32H7xx_HAL_Driver/Src/stm32h7xx_hal_cortex.o
 .debug_macro   0x0000000000030905      0x2fc ./Drivers/STM32H7xx_HAL_Driver/Src/stm32h7xx_hal_dma.o
 .debug_macro   0x0000000000030c01      0x2af ./Drivers/STM32H7xx_HAL_Driver/Src/stm32h7xx_hal_gpio.o
 .debug_macro   0x0000000000030eb0      0x2e1 ./Drivers/STM32H7xx_HAL_Driver/Src/stm32h7xx_hal_pwr_ex.o
 .debug_macro   0x0000000000031191      0x2cc ./Drivers/STM32H7xx_HAL_Driver/Src/stm32h7xx_hal_rcc.o
 .debug_macro   0x000000000003145d      0x2c6 ./Drivers/STM32H7xx_HAL_Driver/Src/stm32h7xx_hal_rcc_ex.o
 .debug_macro   0x0000000000031723      0x2a9 ./Drivers/STM32H7xx_HAL_Driver/Src/stm32h7xx_hal_tim.o
 .debug_macro   0x00000000000319cc      0x2ae ./Drivers/STM32H7xx_HAL_Driver/Src/stm32h7xx_hal_tim_ex.o
 .debug_macro   0x0000000000031c7a      0x2d3 ./Drivers/STM32H7xx_HAL_Driver/Src/stm32h7xx_hal_uart.o
 .debug_macro   0x0000000000031f4d      0x2b4 ./Drivers/STM32H7xx_HAL_Driver/Src/stm32h7xx_hal_uart_ex.o

.debug_line     0x0000000000000000    0x1ab28
 .debug_line    0x0000000000000000      0xbbd ./Core/Src/Process.o
 .debug_line    0x0000000000000bbd      0xae9 ./Core/Src/RPICom.o
 .debug_line    0x00000000000016a6      0x9dd ./Core/Src/gpio.o
 .debug_line    0x0000000000002083      0xa53 ./Core/Src/main.o
 .debug_line    0x0000000000002ad6      0x971 ./Core/Src/stm32h7xx_hal_msp.o
 .debug_line    0x0000000000003447      0xa66 ./Core/Src/stm32h7xx_it.o
 .debug_line    0x0000000000003ead      0x52b ./Core/Src/sysmem.o
 .debug_line    0x00000000000043d8      0xa32 ./Core/Src/system_stm32h7xx.o
 .debug_line    0x0000000000004e0a      0xaab ./Core/Src/tim.o
 .debug_line    0x00000000000058b5      0xaf2 ./Core/Src/usart.o
 .debug_line    0x00000000000063a7      0x971 ./Core/Src/usb_otg.o
 .debug_line    0x0000000000006d18       0x89 ./Core/Startup/startup_stm32h7a3zitxq.o
 .debug_line    0x0000000000006da1      0xe48 ./Drivers/STM32H7xx_HAL_Driver/Src/stm32h7xx_hal.o
 .debug_line    0x0000000000007be9      0xe41 ./Drivers/STM32H7xx_HAL_Driver/Src/stm32h7xx_hal_cortex.o
 .debug_line    0x0000000000008a2a     0x28b7 ./Drivers/STM32H7xx_HAL_Driver/Src/stm32h7xx_hal_dma.o
 .debug_line    0x000000000000b2e1      0xcfe ./Drivers/STM32H7xx_HAL_Driver/Src/stm32h7xx_hal_gpio.o
 .debug_line    0x000000000000bfdf      0xfc9 ./Drivers/STM32H7xx_HAL_Driver/Src/stm32h7xx_hal_pwr_ex.o
 .debug_line    0x000000000000cfa8     0x1396 ./Drivers/STM32H7xx_HAL_Driver/Src/stm32h7xx_hal_rcc.o
 .debug_line    0x000000000000e33e     0x1bf1 ./Drivers/STM32H7xx_HAL_Driver/Src/stm32h7xx_hal_rcc_ex.o
 .debug_line    0x000000000000ff2f     0x3f2c ./Drivers/STM32H7xx_HAL_Driver/Src/stm32h7xx_hal_tim.o
 .debug_line    0x0000000000013e5b     0x1eeb ./Drivers/STM32H7xx_HAL_Driver/Src/stm32h7xx_hal_tim_ex.o
 .debug_line    0x0000000000015d46     0x3f09 ./Drivers/STM32H7xx_HAL_Driver/Src/stm32h7xx_hal_uart.o
 .debug_line    0x0000000000019c4f      0xed9 ./Drivers/STM32H7xx_HAL_Driver/Src/stm32h7xx_hal_uart_ex.o

.debug_str      0x0000000000000000   0x140393
 .debug_str     0x0000000000000000   0x139fab ./Core/Src/Process.o
                                     0x13a4ea (size before relaxing)
 .debug_str     0x0000000000139fab      0x3ce ./Core/Src/RPICom.o
                                     0x13a4da (size before relaxing)
 .debug_str     0x000000000013a379      0x315 ./Core/Src/gpio.o
                                     0x139fde (size before relaxing)
 .debug_str     0x000000000013a68e      0x2c4 ./Core/Src/main.o
                                     0x13a8a5 (size before relaxing)
 .debug_str     0x000000000013a952       0x2c ./Core/Src/stm32h7xx_hal_msp.o
                                     0x139f01 (size before relaxing)
 .debug_str     0x000000000013a97e      0x117 ./Core/Src/stm32h7xx_it.o
                                     0x13a690 (size before relaxing)
 .debug_str     0x000000000013aa95      0x4da ./Core/Src/sysmem.o
                                       0x5e37 (size before relaxing)
 .debug_str     0x000000000013af6f      0x30e ./Core/Src/system_stm32h7xx.o
                                     0x138ed4 (size before relaxing)
 .debug_str     0x000000000013b27d      0x8f8 ./Core/Src/tim.o
                                     0x13b049 (size before relaxing)
 .debug_str     0x000000000013bb75      0x3dc ./Core/Src/usart.o
                                     0x13b323 (size before relaxing)
 .debug_str     0x000000000013bf51       0x16 ./Core/Src/usb_otg.o
                                     0x139cb2 (size before relaxing)
 .debug_str     0x000000000013bf67       0x37 ./Core/Startup/startup_stm32h7a3zitxq.o
                                         0x98 (size before relaxing)
 .debug_str     0x000000000013bf9e      0x7ed ./Drivers/STM32H7xx_HAL_Driver/Src/stm32h7xx_hal.o
                                     0x139da8 (size before relaxing)
 .debug_str     0x000000000013c78b      0x32c ./Drivers/STM32H7xx_HAL_Driver/Src/stm32h7xx_hal_cortex.o
                                     0x1397b8 (size before relaxing)
 .debug_str     0x000000000013cab7      0x8f1 ./Drivers/STM32H7xx_HAL_Driver/Src/stm32h7xx_hal_dma.o
                                     0x139603 (size before relaxing)
 .debug_str     0x000000000013d3a8       0xd9 ./Drivers/STM32H7xx_HAL_Driver/Src/stm32h7xx_hal_gpio.o
                                     0x138e85 (size before relaxing)
 .debug_str     0x000000000013d481      0x756 ./Drivers/STM32H7xx_HAL_Driver/Src/stm32h7xx_hal_pwr_ex.o
                                     0x13940a (size before relaxing)
 .debug_str     0x000000000013dbd7      0x22e ./Drivers/STM32H7xx_HAL_Driver/Src/stm32h7xx_hal_rcc.o
                                     0x1392ad (size before relaxing)
 .debug_str     0x000000000013de05      0x623 ./Drivers/STM32H7xx_HAL_Driver/Src/stm32h7xx_hal_rcc_ex.o
                                     0x139742 (size before relaxing)
 .debug_str     0x000000000013e428      0xd79 ./Drivers/STM32H7xx_HAL_Driver/Src/stm32h7xx_hal_tim.o
                                     0x13a00a (size before relaxing)
 .debug_str     0x000000000013f1a1      0x5ff ./Drivers/STM32H7xx_HAL_Driver/Src/stm32h7xx_hal_tim_ex.o
                                     0x1399c7 (size before relaxing)
 .debug_str     0x000000000013f7a0      0x98d ./Drivers/STM32H7xx_HAL_Driver/Src/stm32h7xx_hal_uart.o
                                     0x139ddd (size before relaxing)
 .debug_str     0x000000000014012d      0x266 ./Drivers/STM32H7xx_HAL_Driver/Src/stm32h7xx_hal_uart_ex.o
                                     0x13937c (size before relaxing)
