../Core/Src/dynamixel_xl320.c:10:10:map	24	static
../Core/Src/dynamixel_xl320.c:14:6:DMA_receive_delay	8	static
../Core/Src/dynamixel_xl320.c:25:6:XL320_set_led_ON	32	static
../Core/Src/dynamixel_xl320.c:46:6:XL320_set_led_OFF	40	static
../Core/Src/dynamixel_xl320.c:67:6:XL320_set_control_mode	32	static
../Core/Src/dynamixel_xl320.c:87:6:XL320_set_torque_enable	32	static
../Core/Src/dynamixel_xl320.c:108:6:XL320_set_pos	48	static
../Core/Src/dynamixel_xl320.c:133:6:XL320_read_moving	56	static
../Core/Src/dynamixel_xl320.c:159:10:XL320_read_load	64	static
../Core/Src/dynamixel_xl320.c:190:6:XL320_ping	128	static
